Archive member included to satisfy reference by file (symbol)

e:/fastprograms/stm32cubeide_1.3.0/stm32cubeide/plugins/com.st.stm32cube.ide.mcu.externaltools.gnu-tools-for-stm32.7-2018-q2-update.win32_1.0.0.201904181610/tools/bin/../lib/gcc/arm-none-eabi/7.3.1/../../../../arm-none-eabi/lib/thumb/v7-m\libc_nano.a(lib_a-errno.o)
                              Core/Src/syscalls.o (__errno)
e:/fastprograms/stm32cubeide_1.3.0/stm32cubeide/plugins/com.st.stm32cube.ide.mcu.externaltools.gnu-tools-for-stm32.7-2018-q2-update.win32_1.0.0.201904181610/tools/bin/../lib/gcc/arm-none-eabi/7.3.1/../../../../arm-none-eabi/lib/thumb/v7-m\libc_nano.a(lib_a-exit.o)
                              e:/fastprograms/stm32cubeide_1.3.0/stm32cubeide/plugins/com.st.stm32cube.ide.mcu.externaltools.gnu-tools-for-stm32.7-2018-q2-update.win32_1.0.0.201904181610/tools/bin/../lib/gcc/arm-none-eabi/7.3.1/../../../../arm-none-eabi/lib/thumb/v7-m/crt0.o (exit)
e:/fastprograms/stm32cubeide_1.3.0/stm32cubeide/plugins/com.st.stm32cube.ide.mcu.externaltools.gnu-tools-for-stm32.7-2018-q2-update.win32_1.0.0.201904181610/tools/bin/../lib/gcc/arm-none-eabi/7.3.1/../../../../arm-none-eabi/lib/thumb/v7-m\libc_nano.a(lib_a-impure.o)
                              e:/fastprograms/stm32cubeide_1.3.0/stm32cubeide/plugins/com.st.stm32cube.ide.mcu.externaltools.gnu-tools-for-stm32.7-2018-q2-update.win32_1.0.0.201904181610/tools/bin/../lib/gcc/arm-none-eabi/7.3.1/../../../../arm-none-eabi/lib/thumb/v7-m\libc_nano.a(lib_a-exit.o) (_global_impure_ptr)
e:/fastprograms/stm32cubeide_1.3.0/stm32cubeide/plugins/com.st.stm32cube.ide.mcu.externaltools.gnu-tools-for-stm32.7-2018-q2-update.win32_1.0.0.201904181610/tools/bin/../lib/gcc/arm-none-eabi/7.3.1/../../../../arm-none-eabi/lib/thumb/v7-m\libc_nano.a(lib_a-init.o)
                              e:/fastprograms/stm32cubeide_1.3.0/stm32cubeide/plugins/com.st.stm32cube.ide.mcu.externaltools.gnu-tools-for-stm32.7-2018-q2-update.win32_1.0.0.201904181610/tools/bin/../lib/gcc/arm-none-eabi/7.3.1/../../../../arm-none-eabi/lib/thumb/v7-m/crt0.o (__libc_init_array)
e:/fastprograms/stm32cubeide_1.3.0/stm32cubeide/plugins/com.st.stm32cube.ide.mcu.externaltools.gnu-tools-for-stm32.7-2018-q2-update.win32_1.0.0.201904181610/tools/bin/../lib/gcc/arm-none-eabi/7.3.1/../../../../arm-none-eabi/lib/thumb/v7-m\libc_nano.a(lib_a-memset.o)
                              e:/fastprograms/stm32cubeide_1.3.0/stm32cubeide/plugins/com.st.stm32cube.ide.mcu.externaltools.gnu-tools-for-stm32.7-2018-q2-update.win32_1.0.0.201904181610/tools/bin/../lib/gcc/arm-none-eabi/7.3.1/../../../../arm-none-eabi/lib/thumb/v7-m/crt0.o (memset)

Allocating common symbols
Common symbol       size              file

hUsbDeviceFS        0x2c4             USB_DEVICE/App/usb_device.o
valueForPWMFromPC   0x4               Core/Src/main.o
uwTick              0x4               Drivers/STM32F1xx_HAL_Driver/Src/stm32f1xx_hal.o
pFlash              0x20              Drivers/STM32F1xx_HAL_Driver/Src/stm32f1xx_hal_flash.o
htim3               0x40              Core/Src/main.o
buffer              0x40              USB_DEVICE/App/usbd_custom_hid_if.o
hpcd_USB_FS         0x26c             USB_DEVICE/Target/usbd_conf.o
USBD_StrDesc        0x200             USB_DEVICE/App/usbd_desc.o
receivedBufCopy     0x40              Core/Src/main.o

Discarded input sections

 .text          0x0000000000000000        0x0 e:/fastprograms/stm32cubeide_1.3.0/stm32cubeide/plugins/com.st.stm32cube.ide.mcu.externaltools.gnu-tools-for-stm32.7-2018-q2-update.win32_1.0.0.201904181610/tools/bin/../lib/gcc/arm-none-eabi/7.3.1/thumb/v7-m/crti.o
 .data          0x0000000000000000        0x0 e:/fastprograms/stm32cubeide_1.3.0/stm32cubeide/plugins/com.st.stm32cube.ide.mcu.externaltools.gnu-tools-for-stm32.7-2018-q2-update.win32_1.0.0.201904181610/tools/bin/../lib/gcc/arm-none-eabi/7.3.1/thumb/v7-m/crti.o
 .bss           0x0000000000000000        0x0 e:/fastprograms/stm32cubeide_1.3.0/stm32cubeide/plugins/com.st.stm32cube.ide.mcu.externaltools.gnu-tools-for-stm32.7-2018-q2-update.win32_1.0.0.201904181610/tools/bin/../lib/gcc/arm-none-eabi/7.3.1/thumb/v7-m/crti.o
 .data          0x0000000000000000        0x4 e:/fastprograms/stm32cubeide_1.3.0/stm32cubeide/plugins/com.st.stm32cube.ide.mcu.externaltools.gnu-tools-for-stm32.7-2018-q2-update.win32_1.0.0.201904181610/tools/bin/../lib/gcc/arm-none-eabi/7.3.1/thumb/v7-m/crtbegin.o
 .text          0x0000000000000000       0x74 e:/fastprograms/stm32cubeide_1.3.0/stm32cubeide/plugins/com.st.stm32cube.ide.mcu.externaltools.gnu-tools-for-stm32.7-2018-q2-update.win32_1.0.0.201904181610/tools/bin/../lib/gcc/arm-none-eabi/7.3.1/../../../../arm-none-eabi/lib/thumb/v7-m/crt0.o
 .data          0x0000000000000000        0x0 e:/fastprograms/stm32cubeide_1.3.0/stm32cubeide/plugins/com.st.stm32cube.ide.mcu.externaltools.gnu-tools-for-stm32.7-2018-q2-update.win32_1.0.0.201904181610/tools/bin/../lib/gcc/arm-none-eabi/7.3.1/../../../../arm-none-eabi/lib/thumb/v7-m/crt0.o
[...]
Memory Configuration

Name             Origin             Length             Attributes
RAM              0x0000000020000000 0x0000000000005000 xrw
FLASH            0x0000000008000000 0x0000000000010000 xr
*default*        0x0000000000000000 0xffffffffffffffff

Linker script and memory map

LOAD e:/fastprograms/stm32cubeide_1.3.0/stm32cubeide/plugins/com.st.stm32cube.ide.mcu.externaltools.gnu-tools-for-stm32.7-2018-q2-update.win32_1.0.0.201904181610/tools/bin/../lib/gcc/arm-none-eabi/7.3.1/thumb/v7-m/crti.o
LOAD e:/fastprograms/stm32cubeide_1.3.0/stm32cubeide/plugins/com.st.stm32cube.ide.mcu.externaltools.gnu-tools-for-stm32.7-2018-q2-update.win32_1.0.0.201904181610/tools/bin/../lib/gcc/arm-none-eabi/7.3.1/thumb/v7-m/crtbegin.o
LOAD e:/fastprograms/stm32cubeide_1.3.0/stm32cubeide/plugins/com.st.stm32cube.ide.mcu.externaltools.gnu-tools-for-stm32.7-2018-q2-update.win32_1.0.0.201904181610/tools/bin/../lib/gcc/arm-none-eabi/7.3.1/../../../../arm-none-eabi/lib/thumb/v7-m/crt0.o
LOAD Core/Src/main.o
LOAD Core/Src/stm32f1xx_hal_msp.o
LOAD Core/Src/stm32f1xx_it.o
LOAD Core/Src/syscalls.o
LOAD Core/Src/sysmem.o
LOAD Core/Src/system_stm32f1xx.o
LOAD Core/Startup/startup_stm32f103c8tx.o
LOAD Drivers/STM32F1xx_HAL_Driver/Src/stm32f1xx_hal.o
LOAD Drivers/STM32F1xx_HAL_Driver/Src/stm32f1xx_hal_cortex.o
LOAD Drivers/STM32F1xx_HAL_Driver/Src/stm32f1xx_hal_dma.o
LOAD Drivers/STM32F1xx_HAL_Driver/Src/stm32f1xx_hal_exti.o
LOAD Drivers/STM32F1xx_HAL_Driver/Src/stm32f1xx_hal_flash.o
LOAD Drivers/STM32F1xx_HAL_Driver/Src/stm32f1xx_hal_flash_ex.o
LOAD Drivers/STM32F1xx_HAL_Driver/Src/stm32f1xx_hal_gpio.o
LOAD Drivers/STM32F1xx_HAL_Driver/Src/stm32f1xx_hal_gpio_ex.o
LOAD Drivers/STM32F1xx_HAL_Driver/Src/stm32f1xx_hal_pcd.o
LOAD Drivers/STM32F1xx_HAL_Driver/Src/stm32f1xx_hal_pcd_ex.o
LOAD Drivers/STM32F1xx_HAL_Driver/Src/stm32f1xx_hal_pwr.o
LOAD Drivers/STM32F1xx_HAL_Driver/Src/stm32f1xx_hal_rcc.o
LOAD Drivers/STM32F1xx_HAL_Driver/Src/stm32f1xx_hal_rcc_ex.o
LOAD Drivers/STM32F1xx_HAL_Driver/Src/stm32f1xx_hal_tim.o
LOAD Drivers/STM32F1xx_HAL_Driver/Src/stm32f1xx_hal_tim_ex.o
LOAD Drivers/STM32F1xx_HAL_Driver/Src/stm32f1xx_ll_usb.o
LOAD Middlewares/ST/STM32_USB_Device_Library/Class/CustomHID/Src/usbd_customhid.o
LOAD Middlewares/ST/STM32_USB_Device_Library/Core/Src/usbd_core.o
LOAD Middlewares/ST/STM32_USB_Device_Library/Core/Src/usbd_ctlreq.o
LOAD Middlewares/ST/STM32_USB_Device_Library/Core/Src/usbd_ioreq.o
LOAD USB_DEVICE/App/usb_device.o
LOAD USB_DEVICE/App/usbd_custom_hid_if.o
LOAD USB_DEVICE/App/usbd_desc.o
LOAD USB_DEVICE/Target/usbd_conf.o
START GROUP
LOAD e:/fastprograms/stm32cubeide_1.3.0/stm32cubeide/plugins/com.st.stm32cube.ide.mcu.externaltools.gnu-tools-for-stm32.7-2018-q2-update.win32_1.0.0.201904181610/tools/bin/../lib/gcc/arm-none-eabi/7.3.1/../../../../arm-none-eabi/lib/thumb/v7-m\libc_nano.a
LOAD e:/fastprograms/stm32cubeide_1.3.0/stm32cubeide/plugins/com.st.stm32cube.ide.mcu.externaltools.gnu-tools-for-stm32.7-2018-q2-update.win32_1.0.0.201904181610/tools/bin/../lib/gcc/arm-none-eabi/7.3.1/../../../../arm-none-eabi/lib/thumb/v7-m\libm.a
END GROUP
START GROUP
LOAD e:/fastprograms/stm32cubeide_1.3.0/stm32cubeide/plugins/com.st.stm32cube.ide.mcu.externaltools.gnu-tools-for-stm32.7-2018-q2-update.win32_1.0.0.201904181610/tools/bin/../lib/gcc/arm-none-eabi/7.3.1/thumb/v7-m\libgcc.a
LOAD e:/fastprograms/stm32cubeide_1.3.0/stm32cubeide/plugins/com.st.stm32cube.ide.mcu.externaltools.gnu-tools-for-stm32.7-2018-q2-update.win32_1.0.0.201904181610/tools/bin/../lib/gcc/arm-none-eabi/7.3.1/../../../../arm-none-eabi/lib/thumb/v7-m\libc_nano.a
END GROUP
START GROUP
LOAD e:/fastprograms/stm32cubeide_1.3.0/stm32cubeide/plugins/com.st.stm32cube.ide.mcu.externaltools.gnu-tools-for-stm32.7-2018-q2-update.win32_1.0.0.201904181610/tools/bin/../lib/gcc/arm-none-eabi/7.3.1/thumb/v7-m\libgcc.a
LOAD e:/fastprograms/stm32cubeide_1.3.0/stm32cubeide/plugins/com.st.stm32cube.ide.mcu.externaltools.gnu-tools-for-stm32.7-2018-q2-update.win32_1.0.0.201904181610/tools/bin/../lib/gcc/arm-none-eabi/7.3.1/../../../../arm-none-eabi/lib/thumb/v7-m\libc_nano.a
LOAD e:/fastprograms/stm32cubeide_1.3.0/stm32cubeide/plugins/com.st.stm32cube.ide.mcu.externaltools.gnu-tools-for-stm32.7-2018-q2-update.win32_1.0.0.201904181610/tools/bin/../lib/gcc/arm-none-eabi/7.3.1/../../../../arm-none-eabi/lib/thumb/v7-m\libnosys.a
END GROUP
START GROUP
LOAD e:/fastprograms/stm32cubeide_1.3.0/stm32cubeide/plugins/com.st.stm32cube.ide.mcu.externaltools.gnu-tools-for-stm32.7-2018-q2-update.win32_1.0.0.201904181610/tools/bin/../lib/gcc/arm-none-eabi/7.3.1/thumb/v7-m\libgcc.a
LOAD e:/fastprograms/stm32cubeide_1.3.0/stm32cubeide/plugins/com.st.stm32cube.ide.mcu.externaltools.gnu-tools-for-stm32.7-2018-q2-update.win32_1.0.0.201904181610/tools/bin/../lib/gcc/arm-none-eabi/7.3.1/../../../../arm-none-eabi/lib/thumb/v7-m\libc_nano.a
LOAD e:/fastprograms/stm32cubeide_1.3.0/stm32cubeide/plugins/com.st.stm32cube.ide.mcu.externaltools.gnu-tools-for-stm32.7-2018-q2-update.win32_1.0.0.201904181610/tools/bin/../lib/gcc/arm-none-eabi/7.3.1/../../../../arm-none-eabi/lib/thumb/v7-m\libnosys.a
END GROUP
LOAD e:/fastprograms/stm32cubeide_1.3.0/stm32cubeide/plugins/com.st.stm32cube.ide.mcu.externaltools.gnu-tools-for-stm32.7-2018-q2-update.win32_1.0.0.201904181610/tools/bin/../lib/gcc/arm-none-eabi/7.3.1/thumb/v7-m/crtend.o
LOAD e:/fastprograms/stm32cubeide_1.3.0/stm32cubeide/plugins/com.st.stm32cube.ide.mcu.externaltools.gnu-tools-for-stm32.7-2018-q2-update.win32_1.0.0.201904181610/tools/bin/../lib/gcc/arm-none-eabi/7.3.1/thumb/v7-m/crtn.o
                0x0000000020005000                _estack = (ORIGIN (RAM) + LENGTH (RAM))
                0x0000000000000200                _Min_Heap_Size = 0x200
                0x0000000000000400                _Min_Stack_Size = 0x400

.isr_vector     0x0000000008000000      0x10c
                0x0000000008000000                . = ALIGN (0x4)
 *(.isr_vector)
 .isr_vector    0x0000000008000000      0x10c Core/Startup/startup_stm32f103c8tx.o
                0x0000000008000000                g_pfnVectors
                0x000000000800010c                . = ALIGN (0x4)

.text           0x000000000800010c     0x5c98
                0x000000000800010c                . = ALIGN (0x4)
 *(.text)
 .text          0x000000000800010c       0x40 e:/fastprograms/stm32cubeide_1.3.0/stm32cubeide/plugins/com.st.stm32cube.ide.mcu.externaltools.gnu-tools-for-stm32.7-2018-q2-update.win32_1.0.0.201904181610/tools/bin/../lib/gcc/arm-none-eabi/7.3.1/thumb/v7-m/crtbegin.o
 *(.text*)
 .text.main     0x000000000800014c       0x60 Core/Src/main.o
                0x000000000800014c                main
 .text.SystemClock_Config
                0x00000000080001ac       0xb6 Core/Src/main.o
                0x00000000080001ac                SystemClock_Config
 *fill*         0x0000000008000262        0x2 
 .text.MX_TIM3_Init
                0x0000000008000264       0xec Core/Src/main.o
 .text.MX_GPIO_Init
                0x0000000008000350       0x98 Core/Src/main.o
 .text.Error_Handler
                0x00000000080003e8        0xc Core/Src/main.o
                0x00000000080003e8                Error_Handler
 .text.HAL_MspInit
                0x00000000080003f4       0x64 Core/Src/stm32f1xx_hal_msp.o
                0x00000000080003f4                HAL_MspInit
 .text.HAL_TIM_Base_MspInit
                0x0000000008000458       0x3c Core/Src/stm32f1xx_hal_msp.o
                0x0000000008000458                HAL_TIM_Base_MspInit
 .text.HAL_TIM_MspPostInit
                0x0000000008000494       0x64 Core/Src/stm32f1xx_hal_msp.o
                0x0000000008000494                HAL_TIM_MspPostInit
 .text.NMI_Handler
                0x00000000080004f8        0xc Core/Src/stm32f1xx_it.o
                0x00000000080004f8                NMI_Handler
 .text.HardFault_Handler
                0x0000000008000504        0x6 Core/Src/stm32f1xx_it.o
                0x0000000008000504                HardFault_Handler
 .text.MemManage_Handler
                0x000000000800050a        0x6 Core/Src/stm32f1xx_it.o
                0x000000000800050a                MemManage_Handler
 .text.BusFault_Handler
                0x0000000008000510        0x6 Core/Src/stm32f1xx_it.o
                0x0000000008000510                BusFault_Handler
 .text.UsageFault_Handler
                0x0000000008000516        0x6 Core/Src/stm32f1xx_it.o
                0x0000000008000516                UsageFault_Handler
 .text.SVC_Handler
                0x000000000800051c        0xc Core/Src/stm32f1xx_it.o
                0x000000000800051c                SVC_Handler
 .text.DebugMon_Handler
                0x0000000008000528        0xc Core/Src/stm32f1xx_it.o
                0x0000000008000528                DebugMon_Handler
 .text.PendSV_Handler
                0x0000000008000534        0xc Core/Src/stm32f1xx_it.o
                0x0000000008000534                PendSV_Handler
 .text.SysTick_Handler
                0x0000000008000540        0xc Core/Src/stm32f1xx_it.o
                0x0000000008000540                SysTick_Handler
 .text.USB_LP_CAN1_RX0_IRQHandler
                0x000000000800054c       0x14 Core/Src/stm32f1xx_it.o
                0x000000000800054c                USB_LP_CAN1_RX0_IRQHandler
 .text.SystemInit
                0x0000000008000560       0x68 Core/Src/system_stm32f1xx.o
                0x0000000008000560                SystemInit
 .text.Reset_Handler
                0x00000000080005c8       0x48 Core/Startup/startup_stm32f103c8tx.o
                0x00000000080005c8                Reset_Handler
 .text.Default_Handler
                0x0000000008000610        0x2 Core/Startup/startup_stm32f103c8tx.o
                0x0000000008000610                RTC_Alarm_IRQHandler
                0x0000000008000610                EXTI2_IRQHandler
                0x0000000008000610                TIM1_CC_IRQHandler
                0x0000000008000610                PVD_IRQHandler
                0x0000000008000610                EXTI3_IRQHandler
                0x0000000008000610                EXTI0_IRQHandler
                0x0000000008000610                I2C2_EV_IRQHandler
                0x0000000008000610                ADC1_2_IRQHandler
                0x0000000008000610                SPI1_IRQHandler
                0x0000000008000610                TAMPER_IRQHandler
                0x0000000008000610                DMA1_Channel4_IRQHandler
                0x0000000008000610                USART3_IRQHandler
                0x0000000008000610                RTC_IRQHandler
                0x0000000008000610                DMA1_Channel7_IRQHandler
                0x0000000008000610                CAN1_RX1_IRQHandler
                0x0000000008000610                TIM4_IRQHandler
                0x0000000008000610                I2C1_EV_IRQHandler
                0x0000000008000610                DMA1_Channel6_IRQHandler
                0x0000000008000610                TIM3_IRQHandler
                0x0000000008000610                RCC_IRQHandler
                0x0000000008000610                TIM1_TRG_COM_IRQHandler
                0x0000000008000610                DMA1_Channel1_IRQHandler
                0x0000000008000610                Default_Handler
                0x0000000008000610                EXTI15_10_IRQHandler
                0x0000000008000610                EXTI9_5_IRQHandler
                0x0000000008000610                SPI2_IRQHandler
                0x0000000008000610                DMA1_Channel5_IRQHandler
                0x0000000008000610                EXTI4_IRQHandler
                0x0000000008000610                USB_HP_CAN1_TX_IRQHandler
                0x0000000008000610                DMA1_Channel3_IRQHandler
                0x0000000008000610                TIM1_UP_IRQHandler
                0x0000000008000610                WWDG_IRQHandler
                0x0000000008000610                TIM2_IRQHandler
                0x0000000008000610                TIM1_BRK_IRQHandler
                0x0000000008000610                EXTI1_IRQHandler
                0x0000000008000610                USART2_IRQHandler
                0x0000000008000610                I2C2_ER_IRQHandler
                0x0000000008000610                DMA1_Channel2_IRQHandler
                0x0000000008000610                CAN1_SCE_IRQHandler
                0x0000000008000610                FLASH_IRQHandler
                0x0000000008000610                USART1_IRQHandler
                0x0000000008000610                I2C1_ER_IRQHandler
                0x0000000008000610                USBWakeUp_IRQHandler
 *fill*         0x0000000008000612        0x2 
 .text.HAL_Init
                0x0000000008000614       0x2c Drivers/STM32F1xx_HAL_Driver/Src/stm32f1xx_hal.o
                0x0000000008000614                HAL_Init
 .text.HAL_InitTick
                0x0000000008000640       0x60 Drivers/STM32F1xx_HAL_Driver/Src/stm32f1xx_hal.o
                0x0000000008000640                HAL_InitTick
 .text.HAL_IncTick
                0x00000000080006a0       0x24 Drivers/STM32F1xx_HAL_Driver/Src/stm32f1xx_hal.o
                0x00000000080006a0                HAL_IncTick
 .text.HAL_GetTick
                0x00000000080006c4       0x14 Drivers/STM32F1xx_HAL_Driver/Src/stm32f1xx_hal.o
                0x00000000080006c4                HAL_GetTick
 .text.__NVIC_SetPriorityGrouping
                0x00000000080006d8       0x48 Drivers/STM32F1xx_HAL_Driver/Src/stm32f1xx_hal_cortex.o
 .text.__NVIC_GetPriorityGrouping
                0x0000000008000720       0x1c Drivers/STM32F1xx_HAL_Driver/Src/stm32f1xx_hal_cortex.o
 .text.__NVIC_EnableIRQ
                0x000000000800073c       0x38 Drivers/STM32F1xx_HAL_Driver/Src/stm32f1xx_hal_cortex.o
 .text.__NVIC_SetPriority
                0x0000000008000774       0x54 Drivers/STM32F1xx_HAL_Driver/Src/stm32f1xx_hal_cortex.o
 .text.NVIC_EncodePriority
                0x00000000080007c8       0x64 Drivers/STM32F1xx_HAL_Driver/Src/stm32f1xx_hal_cortex.o
 .text.SysTick_Config
                0x000000000800082c       0x44 Drivers/STM32F1xx_HAL_Driver/Src/stm32f1xx_hal_cortex.o
 .text.HAL_NVIC_SetPriorityGrouping
                0x0000000008000870       0x16 Drivers/STM32F1xx_HAL_Driver/Src/stm32f1xx_hal_cortex.o
                0x0000000008000870                HAL_NVIC_SetPriorityGrouping
 .text.HAL_NVIC_SetPriority
                0x0000000008000886       0x38 Drivers/STM32F1xx_HAL_Driver/Src/stm32f1xx_hal_cortex.o
                0x0000000008000886                HAL_NVIC_SetPriority
 .text.HAL_NVIC_EnableIRQ
                0x00000000080008be       0x1c Drivers/STM32F1xx_HAL_Driver/Src/stm32f1xx_hal_cortex.o
                0x00000000080008be                HAL_NVIC_EnableIRQ
 .text.HAL_SYSTICK_Config
                0x00000000080008da       0x18 Drivers/STM32F1xx_HAL_Driver/Src/stm32f1xx_hal_cortex.o
                0x00000000080008da                HAL_SYSTICK_Config
 *fill*         0x00000000080008f2        0x2 
 .text.HAL_GPIO_Init
                0x00000000080008f4      0x2b4 Drivers/STM32F1xx_HAL_Driver/Src/stm32f1xx_hal_gpio.o
                0x00000000080008f4                HAL_GPIO_Init
 .text.HAL_GPIO_WritePin
                0x0000000008000ba8       0x30 Drivers/STM32F1xx_HAL_Driver/Src/stm32f1xx_hal_gpio.o
                0x0000000008000ba8                HAL_GPIO_WritePin
 .text.HAL_GPIO_TogglePin
                0x0000000008000bd8       0x30 Drivers/STM32F1xx_HAL_Driver/Src/stm32f1xx_hal_gpio.o
                0x0000000008000bd8                HAL_GPIO_TogglePin
 .text.HAL_PCD_Init
                0x0000000008000c08      0x1c2 Drivers/STM32F1xx_HAL_Driver/Src/stm32f1xx_hal_pcd.o
                0x0000000008000c08                HAL_PCD_Init
 .text.HAL_PCD_Start
                0x0000000008000dca       0x4c Drivers/STM32F1xx_HAL_Driver/Src/stm32f1xx_hal_pcd.o
                0x0000000008000dca                HAL_PCD_Start
 .text.HAL_PCD_IRQHandler
                0x0000000008000e16      0x21c Drivers/STM32F1xx_HAL_Driver/Src/stm32f1xx_hal_pcd.o
                0x0000000008000e16                HAL_PCD_IRQHandler
 .text.HAL_PCD_SetAddress
                0x0000000008001032       0x4a Drivers/STM32F1xx_HAL_Driver/Src/stm32f1xx_hal_pcd.o
                0x0000000008001032                HAL_PCD_SetAddress
 .text.HAL_PCD_EP_Open
                0x000000000800107c       0xc0 Drivers/STM32F1xx_HAL_Driver/Src/stm32f1xx_hal_pcd.o
                0x000000000800107c                HAL_PCD_EP_Open
 .text.HAL_PCD_EP_Close
                0x000000000800113c       0x84 Drivers/STM32F1xx_HAL_Driver/Src/stm32f1xx_hal_pcd.o
                0x000000000800113c                HAL_PCD_EP_Close
 .text.HAL_PCD_EP_Receive
                0x00000000080011c0       0x74 Drivers/STM32F1xx_HAL_Driver/Src/stm32f1xx_hal_pcd.o
                0x00000000080011c0                HAL_PCD_EP_Receive
 .text.HAL_PCD_EP_Transmit
                0x0000000008001234       0x72 Drivers/STM32F1xx_HAL_Driver/Src/stm32f1xx_hal_pcd.o
                0x0000000008001234                HAL_PCD_EP_Transmit
 .text.HAL_PCD_EP_SetStall
                0x00000000080012a6       0xb4 Drivers/STM32F1xx_HAL_Driver/Src/stm32f1xx_hal_pcd.o
                0x00000000080012a6                HAL_PCD_EP_SetStall
 .text.HAL_PCD_EP_ClrStall
                0x000000000800135a       0x9c Drivers/STM32F1xx_HAL_Driver/Src/stm32f1xx_hal_pcd.o
                0x000000000800135a                HAL_PCD_EP_ClrStall
 *fill*         0x00000000080013f6        0x2 
 .text.PCD_EP_ISR_Handler
                0x00000000080013f8      0x534 Drivers/STM32F1xx_HAL_Driver/Src/stm32f1xx_hal_pcd.o
 .text.HAL_PCDEx_PMAConfig
                0x000000000800192c       0x78 Drivers/STM32F1xx_HAL_Driver/Src/stm32f1xx_hal_pcd_ex.o
                0x000000000800192c                HAL_PCDEx_PMAConfig
 .text.HAL_RCC_OscConfig
                0x00000000080019a4      0x500 Drivers/STM32F1xx_HAL_Driver/Src/stm32f1xx_hal_rcc.o
                0x00000000080019a4                HAL_RCC_OscConfig
 .text.HAL_RCC_ClockConfig
                0x0000000008001ea4      0x1d4 Drivers/STM32F1xx_HAL_Driver/Src/stm32f1xx_hal_rcc.o
                0x0000000008001ea4                HAL_RCC_ClockConfig
 .text.HAL_RCC_GetSysClockFreq
                0x0000000008002078       0xc4 Drivers/STM32F1xx_HAL_Driver/Src/stm32f1xx_hal_rcc.o
                0x0000000008002078                HAL_RCC_GetSysClockFreq
 .text.RCC_Delay
                0x000000000800213c       0x3c Drivers/STM32F1xx_HAL_Driver/Src/stm32f1xx_hal_rcc.o
 .text.HAL_RCCEx_PeriphCLKConfig
                0x0000000008002178      0x16c Drivers/STM32F1xx_HAL_Driver/Src/stm32f1xx_hal_rcc_ex.o
                0x0000000008002178                HAL_RCCEx_PeriphCLKConfig
 .text.HAL_TIM_Base_Init
                0x00000000080022e4       0x56 Drivers/STM32F1xx_HAL_Driver/Src/stm32f1xx_hal_tim.o
                0x00000000080022e4                HAL_TIM_Base_Init
 .text.HAL_TIM_PWM_Init
                0x000000000800233a       0x56 Drivers/STM32F1xx_HAL_Driver/Src/stm32f1xx_hal_tim.o
                0x000000000800233a                HAL_TIM_PWM_Init
 .text.HAL_TIM_PWM_MspInit
                0x0000000008002390       0x12 Drivers/STM32F1xx_HAL_Driver/Src/stm32f1xx_hal_tim.o
                0x0000000008002390                HAL_TIM_PWM_MspInit
 *fill*         0x00000000080023a2        0x2 
 .text.HAL_TIM_PWM_Start
                0x00000000080023a4       0x64 Drivers/STM32F1xx_HAL_Driver/Src/stm32f1xx_hal_tim.o
                0x00000000080023a4                HAL_TIM_PWM_Start
 .text.HAL_TIM_PWM_ConfigChannel
                0x0000000008002408      0x18c Drivers/STM32F1xx_HAL_Driver/Src/stm32f1xx_hal_tim.o
                0x0000000008002408                HAL_TIM_PWM_ConfigChannel
 .text.HAL_TIM_ConfigClockSource
                0x0000000008002594      0x16e Drivers/STM32F1xx_HAL_Driver/Src/stm32f1xx_hal_tim.o
                0x0000000008002594                HAL_TIM_ConfigClockSource
 *fill*         0x0000000008002702        0x2 
 .text.TIM_Base_SetConfig
                0x0000000008002704       0xc4 Drivers/STM32F1xx_HAL_Driver/Src/stm32f1xx_hal_tim.o
                0x0000000008002704                TIM_Base_SetConfig
 .text.TIM_OC1_SetConfig
                0x00000000080027c8       0xcc Drivers/STM32F1xx_HAL_Driver/Src/stm32f1xx_hal_tim.o
 .text.TIM_OC2_SetConfig
                0x0000000008002894       0xd4 Drivers/STM32F1xx_HAL_Driver/Src/stm32f1xx_hal_tim.o
                0x0000000008002894                TIM_OC2_SetConfig
 .text.TIM_OC3_SetConfig
                0x0000000008002968       0xd4 Drivers/STM32F1xx_HAL_Driver/Src/stm32f1xx_hal_tim.o
 .text.TIM_OC4_SetConfig
                0x0000000008002a3c       0x9c Drivers/STM32F1xx_HAL_Driver/Src/stm32f1xx_hal_tim.o
 .text.TIM_TI1_ConfigInputStage
                0x0000000008002ad8       0x5c Drivers/STM32F1xx_HAL_Driver/Src/stm32f1xx_hal_tim.o
 .text.TIM_TI2_ConfigInputStage
                0x0000000008002b34       0x5e Drivers/STM32F1xx_HAL_Driver/Src/stm32f1xx_hal_tim.o
 .text.TIM_ITRx_SetConfig
                0x0000000008002b92       0x34 Drivers/STM32F1xx_HAL_Driver/Src/stm32f1xx_hal_tim.o
 .text.TIM_ETR_SetConfig
                0x0000000008002bc6       0x3e Drivers/STM32F1xx_HAL_Driver/Src/stm32f1xx_hal_tim.o
                0x0000000008002bc6                TIM_ETR_SetConfig
 .text.TIM_CCxChannelCmd
                0x0000000008002c04       0x48 Drivers/STM32F1xx_HAL_Driver/Src/stm32f1xx_hal_tim.o
                0x0000000008002c04                TIM_CCxChannelCmd
 .text.HAL_TIMEx_MasterConfigSynchronization
                0x0000000008002c4c       0x88 Drivers/STM32F1xx_HAL_Driver/Src/stm32f1xx_hal_tim_ex.o
                0x0000000008002c4c                HAL_TIMEx_MasterConfigSynchronization
 .text.USB_CoreInit
                0x0000000008002cd4       0x20 Drivers/STM32F1xx_HAL_Driver/Src/stm32f1xx_ll_usb.o
                0x0000000008002cd4                USB_CoreInit
 .text.USB_EnableGlobalInt
                0x0000000008002cf4       0x2e Drivers/STM32F1xx_HAL_Driver/Src/stm32f1xx_ll_usb.o
                0x0000000008002cf4                USB_EnableGlobalInt
 .text.USB_DisableGlobalInt
                0x0000000008002d22       0x38 Drivers/STM32F1xx_HAL_Driver/Src/stm32f1xx_ll_usb.o
                0x0000000008002d22                USB_DisableGlobalInt
 .text.USB_SetCurrentMode
                0x0000000008002d5a       0x18 Drivers/STM32F1xx_HAL_Driver/Src/stm32f1xx_ll_usb.o
                0x0000000008002d5a                USB_SetCurrentMode
 .text.USB_DevInit
                0x0000000008002d72       0x48 Drivers/STM32F1xx_HAL_Driver/Src/stm32f1xx_ll_usb.o
                0x0000000008002d72                USB_DevInit
 *fill*         0x0000000008002dba        0x2 
 .text.USB_ActivateEndpoint
                0x0000000008002dbc      0x5dc Drivers/STM32F1xx_HAL_Driver/Src/stm32f1xx_ll_usb.o
                0x0000000008002dbc                USB_ActivateEndpoint
 .text.USB_DeactivateEndpoint
                0x0000000008003398      0x32c Drivers/STM32F1xx_HAL_Driver/Src/stm32f1xx_ll_usb.o
                0x0000000008003398                USB_DeactivateEndpoint
 .text.USB_EPStartXfer
                0x00000000080036c4      0x570 Drivers/STM32F1xx_HAL_Driver/Src/stm32f1xx_ll_usb.o
                0x00000000080036c4                USB_EPStartXfer
 .text.USB_EPSetStall
                0x0000000008003c34       0x84 Drivers/STM32F1xx_HAL_Driver/Src/stm32f1xx_ll_usb.o
                0x0000000008003c34                USB_EPSetStall
 .text.USB_EPClearStall
                0x0000000008003cb8      0x128 Drivers/STM32F1xx_HAL_Driver/Src/stm32f1xx_ll_usb.o
                0x0000000008003cb8                USB_EPClearStall
 .text.USB_SetDevAddress
                0x0000000008003de0       0x26 Drivers/STM32F1xx_HAL_Driver/Src/stm32f1xx_ll_usb.o
                0x0000000008003de0                USB_SetDevAddress
 .text.USB_DevConnect
                0x0000000008003e06       0x14 Drivers/STM32F1xx_HAL_Driver/Src/stm32f1xx_ll_usb.o
                0x0000000008003e06                USB_DevConnect
 .text.USB_DevDisconnect
                0x0000000008003e1a       0x14 Drivers/STM32F1xx_HAL_Driver/Src/stm32f1xx_ll_usb.o
                0x0000000008003e1a                USB_DevDisconnect
 .text.USB_ReadInterrupts
                0x0000000008003e2e       0x1e Drivers/STM32F1xx_HAL_Driver/Src/stm32f1xx_ll_usb.o
                0x0000000008003e2e                USB_ReadInterrupts
 .text.USB_EP0_OutStart
                0x0000000008003e4c       0x16 Drivers/STM32F1xx_HAL_Driver/Src/stm32f1xx_ll_usb.o
                0x0000000008003e4c                USB_EP0_OutStart
 .text.USB_WritePMA
                0x0000000008003e62       0x88 Drivers/STM32F1xx_HAL_Driver/Src/stm32f1xx_ll_usb.o
                0x0000000008003e62                USB_WritePMA
 .text.USB_ReadPMA
                0x0000000008003eea       0x9e Drivers/STM32F1xx_HAL_Driver/Src/stm32f1xx_ll_usb.o
                0x0000000008003eea                USB_ReadPMA
 .text.USBD_CUSTOM_HID_Init
                0x0000000008003f88       0x84 Middlewares/ST/STM32_USB_Device_Library/Class/CustomHID/Src/usbd_customhid.o
 .text.USBD_CUSTOM_HID_DeInit
                0x000000000800400c       0x5c Middlewares/ST/STM32_USB_Device_Library/Class/CustomHID/Src/usbd_customhid.o
 .text.USBD_CUSTOM_HID_Setup
                0x0000000008004068      0x200 Middlewares/ST/STM32_USB_Device_Library/Class/CustomHID/Src/usbd_customhid.o
 .text.USBD_CUSTOM_HID_SendReport
                0x0000000008004268       0x4e Middlewares/ST/STM32_USB_Device_Library/Class/CustomHID/Src/usbd_customhid.o
                0x0000000008004268                USBD_CUSTOM_HID_SendReport
 *fill*         0x00000000080042b6        0x2 
 .text.USBD_CUSTOM_HID_GetFSCfgDesc
                0x00000000080042b8       0x20 Middlewares/ST/STM32_USB_Device_Library/Class/CustomHID/Src/usbd_customhid.o
 .text.USBD_CUSTOM_HID_GetHSCfgDesc
                0x00000000080042d8       0x20 Middlewares/ST/STM32_USB_Device_Library/Class/CustomHID/Src/usbd_customhid.o
 .text.USBD_CUSTOM_HID_GetOtherSpeedCfgDesc
                0x00000000080042f8       0x20 Middlewares/ST/STM32_USB_Device_Library/Class/CustomHID/Src/usbd_customhid.o
 .text.USBD_CUSTOM_HID_DataIn
                0x0000000008004318       0x24 Middlewares/ST/STM32_USB_Device_Library/Class/CustomHID/Src/usbd_customhid.o
 .text.USBD_CUSTOM_HID_DataOut
                0x000000000800433c       0x38 Middlewares/ST/STM32_USB_Device_Library/Class/CustomHID/Src/usbd_customhid.o
 .text.USBD_CUSTOM_HID_EP0_RxReady
                0x0000000008004374       0x36 Middlewares/ST/STM32_USB_Device_Library/Class/CustomHID/Src/usbd_customhid.o
 *fill*         0x00000000080043aa        0x2 
 .text.USBD_CUSTOM_HID_GetDeviceQualifierDesc
                0x00000000080043ac       0x20 Middlewares/ST/STM32_USB_Device_Library/Class/CustomHID/Src/usbd_customhid.o
 .text.USBD_CUSTOM_HID_RegisterInterface
                0x00000000080043cc       0x2c Middlewares/ST/STM32_USB_Device_Library/Class/CustomHID/Src/usbd_customhid.o
                0x00000000080043cc                USBD_CUSTOM_HID_RegisterInterface
 .text.USBD_Init
                0x00000000080043f8       0x56 Middlewares/ST/STM32_USB_Device_Library/Core/Src/usbd_core.o
                0x00000000080043f8                USBD_Init
 .text.USBD_RegisterClass
                0x000000000800444e       0x32 Middlewares/ST/STM32_USB_Device_Library/Core/Src/usbd_core.o
                0x000000000800444e                USBD_RegisterClass
 .text.USBD_Start
                0x0000000008004480       0x18 Middlewares/ST/STM32_USB_Device_Library/Core/Src/usbd_core.o
                0x0000000008004480                USBD_Start
 .text.USBD_RunTestMode
                0x0000000008004498       0x14 Middlewares/ST/STM32_USB_Device_Library/Core/Src/usbd_core.o
                0x0000000008004498                USBD_RunTestMode
 .text.USBD_SetClassConfig
                0x00000000080044ac       0x3e Middlewares/ST/STM32_USB_Device_Library/Core/Src/usbd_core.o
                0x00000000080044ac                USBD_SetClassConfig
 .text.USBD_ClrClassConfig
                0x00000000080044ea       0x26 Middlewares/ST/STM32_USB_Device_Library/Core/Src/usbd_core.o
                0x00000000080044ea                USBD_ClrClassConfig
 .text.USBD_LL_SetupStage
                0x0000000008004510       0x96 Middlewares/ST/STM32_USB_Device_Library/Core/Src/usbd_core.o
                0x0000000008004510                USBD_LL_SetupStage
 .text.USBD_LL_DataOutStage
                0x00000000080045a6       0xe2 Middlewares/ST/STM32_USB_Device_Library/Core/Src/usbd_core.o
                0x00000000080045a6                USBD_LL_DataOutStage
 .text.USBD_LL_DataInStage
                0x0000000008004688      0x14a Middlewares/ST/STM32_USB_Device_Library/Core/Src/usbd_core.o
                0x0000000008004688                USBD_LL_DataInStage
 .text.USBD_LL_Reset
                0x00000000080047d2       0x82 Middlewares/ST/STM32_USB_Device_Library/Core/Src/usbd_core.o
                0x00000000080047d2                USBD_LL_Reset
 .text.USBD_LL_SetSpeed
                0x0000000008004854       0x1e Middlewares/ST/STM32_USB_Device_Library/Core/Src/usbd_core.o
                0x0000000008004854                USBD_LL_SetSpeed
 .text.USBD_LL_Suspend
                0x0000000008004872       0x28 Middlewares/ST/STM32_USB_Device_Library/Core/Src/usbd_core.o
                0x0000000008004872                USBD_LL_Suspend
 .text.USBD_LL_Resume
                0x000000000800489a       0x2a Middlewares/ST/STM32_USB_Device_Library/Core/Src/usbd_core.o
                0x000000000800489a                USBD_LL_Resume
 .text.USBD_LL_SOF
                0x00000000080048c4       0x34 Middlewares/ST/STM32_USB_Device_Library/Core/Src/usbd_core.o
                0x00000000080048c4                USBD_LL_SOF
 .text.USBD_StdDevReq
                0x00000000080048f8       0xd4 Middlewares/ST/STM32_USB_Device_Library/Core/Src/usbd_ctlreq.o
                0x00000000080048f8                USBD_StdDevReq
 .text.USBD_StdItfReq
                0x00000000080049cc       0x8c Middlewares/ST/STM32_USB_Device_Library/Core/Src/usbd_ctlreq.o
                0x00000000080049cc                USBD_StdItfReq
 .text.USBD_StdEPReq
                0x0000000008004a58      0x2ba Middlewares/ST/STM32_USB_Device_Library/Core/Src/usbd_ctlreq.o
                0x0000000008004a58                USBD_StdEPReq
 *fill*         0x0000000008004d12        0x2 
 .text.USBD_GetDescriptor
                0x0000000008004d14      0x2d0 Middlewares/ST/STM32_USB_Device_Library/Core/Src/usbd_ctlreq.o
 .text.USBD_SetAddress
                0x0000000008004fe4       0x84 Middlewares/ST/STM32_USB_Device_Library/Core/Src/usbd_ctlreq.o
 .text.USBD_SetConfig
                0x0000000008005068      0x11c Middlewares/ST/STM32_USB_Device_Library/Core/Src/usbd_ctlreq.o
 .text.USBD_GetConfig
                0x0000000008005184       0x68 Middlewares/ST/STM32_USB_Device_Library/Core/Src/usbd_ctlreq.o
 .text.USBD_GetStatus
                0x00000000080051ec       0x66 Middlewares/ST/STM32_USB_Device_Library/Core/Src/usbd_ctlreq.o
 .text.USBD_SetFeature
                0x0000000008005252       0x28 Middlewares/ST/STM32_USB_Device_Library/Core/Src/usbd_ctlreq.o
 .text.USBD_ClrFeature
                0x000000000800527a       0x42 Middlewares/ST/STM32_USB_Device_Library/Core/Src/usbd_ctlreq.o
 .text.USBD_ParseSetupRequest
                0x00000000080052bc       0x78 Middlewares/ST/STM32_USB_Device_Library/Core/Src/usbd_ctlreq.o
                0x00000000080052bc                USBD_ParseSetupRequest
 .text.USBD_CtlError
                0x0000000008005334       0x22 Middlewares/ST/STM32_USB_Device_Library/Core/Src/usbd_ctlreq.o
                0x0000000008005334                USBD_CtlError
 .text.USBD_GetString
                0x0000000008005356       0x84 Middlewares/ST/STM32_USB_Device_Library/Core/Src/usbd_ctlreq.o
                0x0000000008005356                USBD_GetString
 .text.USBD_GetLen
                0x00000000080053da       0x2e Middlewares/ST/STM32_USB_Device_Library/Core/Src/usbd_ctlreq.o
 .text.USBD_CtlSendData
                0x0000000008005408       0x38 Middlewares/ST/STM32_USB_Device_Library/Core/Src/usbd_ioreq.o
                0x0000000008005408                USBD_CtlSendData
 .text.USBD_CtlContinueSendData
                0x0000000008005440       0x24 Middlewares/ST/STM32_USB_Device_Library/Core/Src/usbd_ioreq.o
                0x0000000008005440                USBD_CtlContinueSendData
 .text.USBD_CtlPrepareRx
                0x0000000008005464       0x3c Middlewares/ST/STM32_USB_Device_Library/Core/Src/usbd_ioreq.o
                0x0000000008005464                USBD_CtlPrepareRx
 .text.USBD_CtlContinueRx
                0x00000000080054a0       0x24 Middlewares/ST/STM32_USB_Device_Library/Core/Src/usbd_ioreq.o
                0x00000000080054a0                USBD_CtlContinueRx
 .text.USBD_CtlSendStatus
                0x00000000080054c4       0x26 Middlewares/ST/STM32_USB_Device_Library/Core/Src/usbd_ioreq.o
                0x00000000080054c4                USBD_CtlSendStatus
 .text.USBD_CtlReceiveStatus
                0x00000000080054ea       0x26 Middlewares/ST/STM32_USB_Device_Library/Core/Src/usbd_ioreq.o
                0x00000000080054ea                USBD_CtlReceiveStatus
 .text.MX_USB_DEVICE_Init
                0x0000000008005510       0x60 USB_DEVICE/App/usb_device.o
                0x0000000008005510                MX_USB_DEVICE_Init
 .text.CUSTOM_HID_Init_FS
                0x0000000008005570        0xe USB_DEVICE/App/usbd_custom_hid_if.o
 .text.CUSTOM_HID_DeInit_FS
                0x000000000800557e        0xe USB_DEVICE/App/usbd_custom_hid_if.o
 .text.CUSTOM_HID_OutEvent_FS
                0x000000000800558c       0x8c USB_DEVICE/App/usbd_custom_hid_if.o
 .text.USBD_FS_DeviceDescriptor
                0x0000000008005618       0x24 USB_DEVICE/App/usbd_desc.o
                0x0000000008005618                USBD_FS_DeviceDescriptor
 .text.USBD_FS_LangIDStrDescriptor
                0x000000000800563c       0x24 USB_DEVICE/App/usbd_desc.o
                0x000000000800563c                USBD_FS_LangIDStrDescriptor
 .text.USBD_FS_ProductStrDescriptor
                0x0000000008005660       0x3c USB_DEVICE/App/usbd_desc.o
                0x0000000008005660                USBD_FS_ProductStrDescriptor
 .text.USBD_FS_ManufacturerStrDescriptor
                0x000000000800569c       0x28 USB_DEVICE/App/usbd_desc.o
                0x000000000800569c                USBD_FS_ManufacturerStrDescriptor
 .text.USBD_FS_SerialStrDescriptor
                0x00000000080056c4       0x24 USB_DEVICE/App/usbd_desc.o
                0x00000000080056c4                USBD_FS_SerialStrDescriptor
 .text.USBD_FS_ConfigStrDescriptor
                0x00000000080056e8       0x3c USB_DEVICE/App/usbd_desc.o
                0x00000000080056e8                USBD_FS_ConfigStrDescriptor
 .text.USBD_FS_InterfaceStrDescriptor
                0x0000000008005724       0x3c USB_DEVICE/App/usbd_desc.o
                0x0000000008005724                USBD_FS_InterfaceStrDescriptor
 .text.Get_SerialNum
                0x0000000008005760       0x58 USB_DEVICE/App/usbd_desc.o
 .text.IntToUnicode
                0x00000000080057b8       0x7a USB_DEVICE/App/usbd_desc.o
 *fill*         0x0000000008005832        0x2 
 .text.HAL_PCD_MspInit
                0x0000000008005834       0x4c USB_DEVICE/Target/usbd_conf.o
                0x0000000008005834                HAL_PCD_MspInit
 .text.HAL_PCD_SetupStageCallback
                0x0000000008005880       0x24 USB_DEVICE/Target/usbd_conf.o
                0x0000000008005880                HAL_PCD_SetupStageCallback
 .text.HAL_PCD_DataOutStageCallback
                0x00000000080058a4       0x30 USB_DEVICE/Target/usbd_conf.o
                0x00000000080058a4                HAL_PCD_DataOutStageCallback
 .text.HAL_PCD_DataInStageCallback
                0x00000000080058d4       0x2e USB_DEVICE/Target/usbd_conf.o
                0x00000000080058d4                HAL_PCD_DataInStageCallback
 .text.HAL_PCD_SOFCallback
                0x0000000008005902       0x1c USB_DEVICE/Target/usbd_conf.o
                0x0000000008005902                HAL_PCD_SOFCallback
 .text.HAL_PCD_ResetCallback
                0x000000000800591e       0x3c USB_DEVICE/Target/usbd_conf.o
                0x000000000800591e                HAL_PCD_ResetCallback
 *fill*         0x000000000800595a        0x2 
 .text.HAL_PCD_SuspendCallback
                0x000000000800595c       0x34 USB_DEVICE/Target/usbd_conf.o
                0x000000000800595c                HAL_PCD_SuspendCallback
 .text.HAL_PCD_ResumeCallback
                0x0000000008005990       0x1c USB_DEVICE/Target/usbd_conf.o
                0x0000000008005990                HAL_PCD_ResumeCallback
 .text.USBD_LL_Init
                0x00000000080059ac       0xa0 USB_DEVICE/Target/usbd_conf.o
                0x00000000080059ac                USBD_LL_Init
 .text.USBD_LL_Start
                0x0000000008005a4c       0x36 USB_DEVICE/Target/usbd_conf.o
                0x0000000008005a4c                USBD_LL_Start
 .text.USBD_LL_OpenEP
                0x0000000008005a82       0x4c USB_DEVICE/Target/usbd_conf.o
                0x0000000008005a82                USBD_LL_OpenEP
 .text.USBD_LL_CloseEP
                0x0000000008005ace       0x3e USB_DEVICE/Target/usbd_conf.o
                0x0000000008005ace                USBD_LL_CloseEP
 .text.USBD_LL_StallEP
                0x0000000008005b0c       0x3e USB_DEVICE/Target/usbd_conf.o
                0x0000000008005b0c                USBD_LL_StallEP
 .text.USBD_LL_ClearStallEP
                0x0000000008005b4a       0x3e USB_DEVICE/Target/usbd_conf.o
                0x0000000008005b4a                USBD_LL_ClearStallEP
 .text.USBD_LL_IsStallEP
                0x0000000008005b88       0x4a USB_DEVICE/Target/usbd_conf.o
                0x0000000008005b88                USBD_LL_IsStallEP
 .text.USBD_LL_SetUSBAddress
                0x0000000008005bd2       0x3e USB_DEVICE/Target/usbd_conf.o
                0x0000000008005bd2                USBD_LL_SetUSBAddress
 .text.USBD_LL_Transmit
                0x0000000008005c10       0x46 USB_DEVICE/Target/usbd_conf.o
                0x0000000008005c10                USBD_LL_Transmit
 .text.USBD_LL_PrepareReceive
                0x0000000008005c56       0x46 USB_DEVICE/Target/usbd_conf.o
                0x0000000008005c56                USBD_LL_PrepareReceive
 .text.USBD_static_malloc
                0x0000000008005c9c       0x18 USB_DEVICE/Target/usbd_conf.o
                0x0000000008005c9c                USBD_static_malloc
 .text.USBD_static_free
                0x0000000008005cb4       0x12 USB_DEVICE/Target/usbd_conf.o
                0x0000000008005cb4                USBD_static_free
 .text.HAL_PCDEx_SetConnectionState
                0x0000000008005cc6       0x16 USB_DEVICE/Target/usbd_conf.o
                0x0000000008005cc6                HAL_PCDEx_SetConnectionState
 .text.USBD_Get_USB_Status
                0x0000000008005cdc       0x58 USB_DEVICE/Target/usbd_conf.o
 .text.__libc_init_array
                0x0000000008005d34       0x48 e:/fastprograms/stm32cubeide_1.3.0/stm32cubeide/plugins/com.st.stm32cube.ide.mcu.externaltools.gnu-tools-for-stm32.7-2018-q2-update.win32_1.0.0.201904181610/tools/bin/../lib/gcc/arm-none-eabi/7.3.1/../../../../arm-none-eabi/lib/thumb/v7-m\libc_nano.a(lib_a-init.o)
                0x0000000008005d34                __libc_init_array
 .text.memset   0x0000000008005d7c       0x10 e:/fastprograms/stm32cubeide_1.3.0/stm32cubeide/plugins/com.st.stm32cube.ide.mcu.externaltools.gnu-tools-for-stm32.7-2018-q2-update.win32_1.0.0.201904181610/tools/bin/../lib/gcc/arm-none-eabi/7.3.1/../../../../arm-none-eabi/lib/thumb/v7-m\libc_nano.a(lib_a-memset.o)
                0x0000000008005d7c                memset
 *(.glue_7)
 .glue_7        0x0000000008005d8c        0x0 linker stubs
 *(.glue_7t)
 .glue_7t       0x0000000008005d8c        0x0 linker stubs
 *(.eh_frame)
 .eh_frame      0x0000000008005d8c        0x0 e:/fastprograms/stm32cubeide_1.3.0/stm32cubeide/plugins/com.st.stm32cube.ide.mcu.externaltools.gnu-tools-for-stm32.7-2018-q2-update.win32_1.0.0.201904181610/tools/bin/../lib/gcc/arm-none-eabi/7.3.1/thumb/v7-m/crtbegin.o
 *(.init)
 .init          0x0000000008005d8c        0x4 e:/fastprograms/stm32cubeide_1.3.0/stm32cubeide/plugins/com.st.stm32cube.ide.mcu.externaltools.gnu-tools-for-stm32.7-2018-q2-update.win32_1.0.0.201904181610/tools/bin/../lib/gcc/arm-none-eabi/7.3.1/thumb/v7-m/crti.o
                0x0000000008005d8c                _init
 .init          0x0000000008005d90        0x8 e:/fastprograms/stm32cubeide_1.3.0/stm32cubeide/plugins/com.st.stm32cube.ide.mcu.externaltools.gnu-tools-for-stm32.7-2018-q2-update.win32_1.0.0.201904181610/tools/bin/../lib/gcc/arm-none-eabi/7.3.1/thumb/v7-m/crtn.o
 *(.fini)
 .fini          0x0000000008005d98        0x4 e:/fastprograms/stm32cubeide_1.3.0/stm32cubeide/plugins/com.st.stm32cube.ide.mcu.externaltools.gnu-tools-for-stm32.7-2018-q2-update.win32_1.0.0.201904181610/tools/bin/../lib/gcc/arm-none-eabi/7.3.1/thumb/v7-m/crti.o
                0x0000000008005d98                _fini
 .fini          0x0000000008005d9c        0x8 e:/fastprograms/stm32cubeide_1.3.0/stm32cubeide/plugins/com.st.stm32cube.ide.mcu.externaltools.gnu-tools-for-stm32.7-2018-q2-update.win32_1.0.0.201904181610/tools/bin/../lib/gcc/arm-none-eabi/7.3.1/thumb/v7-m/crtn.o
                0x0000000008005da4                . = ALIGN (0x4)
                0x0000000008005da4                _etext = .

.vfp11_veneer   0x0000000008005da4        0x0
 .vfp11_veneer  0x0000000008005da4        0x0 linker stubs

.v4_bx          0x0000000008005da4        0x0
 .v4_bx         0x0000000008005da4        0x0 linker stubs

.iplt           0x0000000008005da4        0x0
 .iplt          0x0000000008005da4        0x0 e:/fastprograms/stm32cubeide_1.3.0/stm32cubeide/plugins/com.st.stm32cube.ide.mcu.externaltools.gnu-tools-for-stm32.7-2018-q2-update.win32_1.0.0.201904181610/tools/bin/../lib/gcc/arm-none-eabi/7.3.1/thumb/v7-m/crtbegin.o

.rodata         0x0000000008005da4       0x84
                0x0000000008005da4                . = ALIGN (0x4)
 *(.rodata)
 .rodata        0x0000000008005da4       0x12 Drivers/STM32F1xx_HAL_Driver/Src/stm32f1xx_hal_rcc.o
 *fill*         0x0000000008005db6        0x2 
 .rodata        0x0000000008005db8       0x5d USB_DEVICE/App/usbd_desc.o
 *(.rodata*)
 *fill*         0x0000000008005e15        0x3 
 .rodata.AHBPrescTable
                0x0000000008005e18       0x10 Core/Src/system_stm32f1xx.o
                0x0000000008005e18                AHBPrescTable
                0x0000000008005e28                . = ALIGN (0x4)

.rel.dyn        0x0000000008005e28        0x0
 .rel.iplt      0x0000000008005e28        0x0 e:/fastprograms/stm32cubeide_1.3.0/stm32cubeide/plugins/com.st.stm32cube.ide.mcu.externaltools.gnu-tools-for-stm32.7-2018-q2-update.win32_1.0.0.201904181610/tools/bin/../lib/gcc/arm-none-eabi/7.3.1/thumb/v7-m/crtbegin.o

.ARM.extab      0x0000000008005e28        0x0
                0x0000000008005e28                . = ALIGN (0x4)
 *(.ARM.extab* .gnu.linkonce.armextab.*)
                0x0000000008005e28                . = ALIGN (0x4)

.ARM            0x0000000008005e28        0x0
                0x0000000008005e28                . = ALIGN (0x4)
                0x0000000008005e28                __exidx_start = .
 *(.ARM.exidx*)
                0x0000000008005e28                __exidx_end = .
                0x0000000008005e28                . = ALIGN (0x4)

.preinit_array  0x0000000008005e28        0x0
                0x0000000008005e28                . = ALIGN (0x4)
                0x0000000008005e28                PROVIDE (__preinit_array_start = .)
 *(.preinit_array*)
                0x0000000008005e28                PROVIDE (__preinit_array_end = .)
                0x0000000008005e28                . = ALIGN (0x4)

.init_array     0x0000000008005e28        0x4
                0x0000000008005e28                . = ALIGN (0x4)
                0x0000000008005e28                PROVIDE (__init_array_start = .)
 *(SORT_BY_NAME(.init_array.*))
 *(.init_array*)
 .init_array    0x0000000008005e28        0x4 e:/fastprograms/stm32cubeide_1.3.0/stm32cubeide/plugins/com.st.stm32cube.ide.mcu.externaltools.gnu-tools-for-stm32.7-2018-q2-update.win32_1.0.0.201904181610/tools/bin/../lib/gcc/arm-none-eabi/7.3.1/thumb/v7-m/crtbegin.o
                0x0000000008005e2c                PROVIDE (__init_array_end = .)
                0x0000000008005e2c                . = ALIGN (0x4)

.fini_array     0x0000000008005e2c        0x4
                0x0000000008005e2c                . = ALIGN (0x4)
                [!provide]                        PROVIDE (__fini_array_start = .)
 *(SORT_BY_NAME(.fini_array.*))
 *(.fini_array*)
 .fini_array    0x0000000008005e2c        0x4 e:/fastprograms/stm32cubeide_1.3.0/stm32cubeide/plugins/com.st.stm32cube.ide.mcu.externaltools.gnu-tools-for-stm32.7-2018-q2-update.win32_1.0.0.201904181610/tools/bin/../lib/gcc/arm-none-eabi/7.3.1/thumb/v7-m/crtbegin.o
                [!provide]                        PROVIDE (__fini_array_end = .)
                0x0000000008005e30                . = ALIGN (0x4)
                0x0000000008005e30                _sidata = LOADADDR (.data)

.data           0x0000000020000000      0x164 load address 0x0000000008005e30
                0x0000000020000000                . = ALIGN (0x4)
                0x0000000020000000                _sdata = .
 *(.data)
 *(.data*)
 .data.SystemCoreClock
                0x0000000020000000        0x4 Core/Src/system_stm32f1xx.o
                0x0000000020000000                SystemCoreClock
 .data.uwTickPrio
                0x0000000020000004        0x4 Drivers/STM32F1xx_HAL_Driver/Src/stm32f1xx_hal.o
                0x0000000020000004                uwTickPrio
 .data.uwTickFreq
                0x0000000020000008        0x1 Drivers/STM32F1xx_HAL_Driver/Src/stm32f1xx_hal.o
                0x0000000020000008                uwTickFreq
 *fill*         0x0000000020000009        0x3 
 .data.USBD_CUSTOM_HID
                0x000000002000000c       0x38 Middlewares/ST/STM32_USB_Device_Library/Class/CustomHID/Src/usbd_customhid.o
                0x000000002000000c                USBD_CUSTOM_HID
 .data.USBD_CUSTOM_HID_CfgFSDesc
                0x0000000020000044       0x29 Middlewares/ST/STM32_USB_Device_Library/Class/CustomHID/Src/usbd_customhid.o
 *fill*         0x000000002000006d        0x3 
 .data.USBD_CUSTOM_HID_CfgHSDesc
                0x0000000020000070       0x29 Middlewares/ST/STM32_USB_Device_Library/Class/CustomHID/Src/usbd_customhid.o
 *fill*         0x0000000020000099        0x3 
 .data.USBD_CUSTOM_HID_OtherSpeedCfgDesc
                0x000000002000009c       0x29 Middlewares/ST/STM32_USB_Device_Library/Class/CustomHID/Src/usbd_customhid.o
 *fill*         0x00000000200000c5        0x3 
 .data.USBD_CUSTOM_HID_Desc
                0x00000000200000c8        0x9 Middlewares/ST/STM32_USB_Device_Library/Class/CustomHID/Src/usbd_customhid.o
 *fill*         0x00000000200000d1        0x3 
 .data.USBD_CUSTOM_HID_DeviceQualifierDesc
                0x00000000200000d4        0xa Middlewares/ST/STM32_USB_Device_Library/Class/CustomHID/Src/usbd_customhid.o
 *fill*         0x00000000200000de        0x2 
 .data.CUSTOM_HID_ReportDesc_FS
                0x00000000200000e0       0x21 USB_DEVICE/App/usbd_custom_hid_if.o
 *fill*         0x0000000020000101        0x3 
 .data.USBD_CustomHID_fops_FS
                0x0000000020000104       0x10 USB_DEVICE/App/usbd_custom_hid_if.o
                0x0000000020000104                USBD_CustomHID_fops_FS
 .data.FS_Desc  0x0000000020000114       0x1c USB_DEVICE/App/usbd_desc.o
                0x0000000020000114                FS_Desc
 .data.USBD_FS_DeviceDesc
                0x0000000020000130       0x12 USB_DEVICE/App/usbd_desc.o
                0x0000000020000130                USBD_FS_DeviceDesc
 *fill*         0x0000000020000142        0x2 
 .data.USBD_LangIDDesc
                0x0000000020000144        0x4 USB_DEVICE/App/usbd_desc.o
                0x0000000020000144                USBD_LangIDDesc
 .data.USBD_StringSerial
                0x0000000020000148       0x1a USB_DEVICE/App/usbd_desc.o
                0x0000000020000148                USBD_StringSerial
                0x0000000020000164                . = ALIGN (0x4)
 *fill*         0x0000000020000162        0x2 
                0x0000000020000164                _edata = .

.igot.plt       0x0000000020000164        0x0 load address 0x0000000008005f94
 .igot.plt      0x0000000020000164        0x0 e:/fastprograms/stm32cubeide_1.3.0/stm32cubeide/plugins/com.st.stm32cube.ide.mcu.externaltools.gnu-tools-for-stm32.7-2018-q2-update.win32_1.0.0.201904181610/tools/bin/../lib/gcc/arm-none-eabi/7.3.1/thumb/v7-m/crtbegin.o
                0x0000000020000164                . = ALIGN (0x4)

.bss            0x0000000020000164      0x870 load address 0x0000000008005f94
                0x0000000020000164                _sbss = .
                0x0000000020000164                __bss_start__ = _sbss
 *(.bss)
 .bss           0x0000000020000164       0x1c e:/fastprograms/stm32cubeide_1.3.0/stm32cubeide/plugins/com.st.stm32cube.ide.mcu.externaltools.gnu-tools-for-stm32.7-2018-q2-update.win32_1.0.0.201904181610/tools/bin/../lib/gcc/arm-none-eabi/7.3.1/thumb/v7-m/crtbegin.o
 *(.bss*)
 .bss.cfgidx.8121
                0x0000000020000180        0x1 Middlewares/ST/STM32_USB_Device_Library/Core/Src/usbd_ctlreq.o
 *fill*         0x0000000020000181        0x3 
 .bss.mem.8170  0x0000000020000184       0x58 USB_DEVICE/Target/usbd_conf.o
 *(COMMON)
 COMMON         0x00000000200001dc       0x84 Core/Src/main.o
                0x00000000200001dc                valueForPWMFromPC
                0x00000000200001e0                htim3
                0x0000000020000220                receivedBufCopy
 COMMON         0x0000000020000260        0x4 Drivers/STM32F1xx_HAL_Driver/Src/stm32f1xx_hal.o
                0x0000000020000260                uwTick
 COMMON         0x0000000020000264      0x2c4 USB_DEVICE/App/usb_device.o
                0x0000000020000264                hUsbDeviceFS
 COMMON         0x0000000020000528       0x40 USB_DEVICE/App/usbd_custom_hid_if.o
                0x0000000020000528                buffer
 COMMON         0x0000000020000568      0x200 USB_DEVICE/App/usbd_desc.o
                0x0000000020000568                USBD_StrDesc
 COMMON         0x0000000020000768      0x26c USB_DEVICE/Target/usbd_conf.o
                0x0000000020000768                hpcd_USB_FS
                0x00000000200009d4                . = ALIGN (0x4)
                0x00000000200009d4                _ebss = .
                0x00000000200009d4                __bss_end__ = _ebss

._user_heap_stack
                0x00000000200009d4      0x604 load address 0x0000000008005f94
                0x00000000200009d8                . = ALIGN (0x8)
 *fill*         0x00000000200009d4        0x4 
                0x00000000200009d8                PROVIDE (end = .)
                [!provide]                        PROVIDE (_end = .)
                0x0000000020000bd8                . = (. + _Min_Heap_Size)
 *fill*         0x00000000200009d8      0x200 
                0x0000000020000fd8                . = (. + _Min_Stack_Size)
 *fill*         0x0000000020000bd8      0x400 
                0x0000000020000fd8                . = ALIGN (0x8)

/DISCARD/
 libc.a(*)
 libm.a(*)
 libgcc.a(*)

.ARM.attributes
                0x0000000000000000       0x29
 *(.ARM.attributes)
 .ARM.attributes
                0x0000000000000000       0x1d e:/fastprograms/stm32cubeide_1.3.0/stm32cubeide/plugins/com.st.stm32cube.ide.mcu.externaltools.gnu-tools-for-stm32.7-2018-q2-update.win32_1.0.0.201904181610/tools/bin/../lib/gcc/arm-none-eabi/7.3.1/thumb/v7-m/crti.o
 .ARM.attributes
                0x000000000000001d       0x2d e:/fastprograms/stm32cubeide_1.3.0/stm32cubeide/plugins/com.st.stm32cube.ide.mcu.externaltools.gnu-tools-for-stm32.7-2018-q2-update.win32_1.0.0.201904181610/tools/bin/../lib/gcc/arm-none-eabi/7.3.1/thumb/v7-m/crtbegin.o
 .ARM.attributes
                0x000000000000004a       0x33 Core/Src/main.o
 .ARM.attributes
                0x000000000000007d       0x33 Core/Src/stm32f1xx_hal_msp.o
 .ARM.attributes
                0x00000000000000b0       0x33 Core/Src/stm32f1xx_it.o
 .ARM.attributes
                0x00000000000000e3       0x33 Core/Src/system_stm32f1xx.o
 .ARM.attributes
                0x0000000000000116       0x21 Core/Startup/startup_stm32f103c8tx.o
 .ARM.attributes
                0x0000000000000137       0x33 Drivers/STM32F1xx_HAL_Driver/Src/stm32f1xx_hal.o
 .ARM.attributes
                0x000000000000016a       0x33 Drivers/STM32F1xx_HAL_Driver/Src/stm32f1xx_hal_cortex.o
 .ARM.attributes
                0x000000000000019d       0x33 Drivers/STM32F1xx_HAL_Driver/Src/stm32f1xx_hal_gpio.o
 .ARM.attributes
                0x00000000000001d0       0x33 Drivers/STM32F1xx_HAL_Driver/Src/stm32f1xx_hal_pcd.o
 .ARM.attributes
                0x0000000000000203       0x33 Drivers/STM32F1xx_HAL_Driver/Src/stm32f1xx_hal_pcd_ex.o
 .ARM.attributes
                0x0000000000000236       0x33 Drivers/STM32F1xx_HAL_Driver/Src/stm32f1xx_hal_rcc.o
 .ARM.attributes
                0x0000000000000269       0x33 Drivers/STM32F1xx_HAL_Driver/Src/stm32f1xx_hal_rcc_ex.o
 .ARM.attributes
                0x000000000000029c       0x33 Drivers/STM32F1xx_HAL_Driver/Src/stm32f1xx_hal_tim.o
 .ARM.attributes
                0x00000000000002cf       0x33 Drivers/STM32F1xx_HAL_Driver/Src/stm32f1xx_hal_tim_ex.o
 .ARM.attributes
                0x0000000000000302       0x33 Drivers/STM32F1xx_HAL_Driver/Src/stm32f1xx_ll_usb.o
 .ARM.attributes
                0x0000000000000335       0x33 Middlewares/ST/STM32_USB_Device_Library/Class/CustomHID/Src/usbd_customhid.o
 .ARM.attributes
                0x0000000000000368       0x33 Middlewares/ST/STM32_USB_Device_Library/Core/Src/usbd_core.o
 .ARM.attributes
                0x000000000000039b       0x33 Middlewares/ST/STM32_USB_Device_Library/Core/Src/usbd_ctlreq.o
 .ARM.attributes
                0x00000000000003ce       0x33 Middlewares/ST/STM32_USB_Device_Library/Core/Src/usbd_ioreq.o
 .ARM.attributes
                0x0000000000000401       0x33 USB_DEVICE/App/usb_device.o
 .ARM.attributes
                0x0000000000000434       0x33 USB_DEVICE/App/usbd_custom_hid_if.o
 .ARM.attributes
                0x0000000000000467       0x33 USB_DEVICE/App/usbd_desc.o
 .ARM.attributes
                0x000000000000049a       0x33 USB_DEVICE/Target/usbd_conf.o
 .ARM.attributes
                0x00000000000004cd       0x2d e:/fastprograms/stm32cubeide_1.3.0/stm32cubeide/plugins/com.st.stm32cube.ide.mcu.externaltools.gnu-tools-for-stm32.7-2018-q2-update.win32_1.0.0.201904181610/tools/bin/../lib/gcc/arm-none-eabi/7.3.1/../../../../arm-none-eabi/lib/thumb/v7-m\libc_nano.a(lib_a-init.o)
 .ARM.attributes
                0x00000000000004fa       0x2d e:/fastprograms/stm32cubeide_1.3.0/stm32cubeide/plugins/com.st.stm32cube.ide.mcu.externaltools.gnu-tools-for-stm32.7-2018-q2-update.win32_1.0.0.201904181610/tools/bin/../lib/gcc/arm-none-eabi/7.3.1/../../../../arm-none-eabi/lib/thumb/v7-m\libc_nano.a(lib_a-memset.o)
 .ARM.attributes
                0x0000000000000527       0x1d e:/fastprograms/stm32cubeide_1.3.0/stm32cubeide/plugins/com.st.stm32cube.ide.mcu.externaltools.gnu-tools-for-stm32.7-2018-q2-update.win32_1.0.0.201904181610/tools/bin/../lib/gcc/arm-none-eabi/7.3.1/thumb/v7-m/crtn.o
OUTPUT(FanRGBLEDHUB.elf elf32-littlearm)

.debug_info     0x0000000000000000    0x13985
 .debug_info    0x0000000000000000     0x1320 Core/Src/main.o
 .debug_info    0x0000000000001320      0x8f5 Core/Src/stm32f1xx_hal_msp.o
 .debug_info    0x0000000000001c15      0x6b3 Core/Src/stm32f1xx_it.o
 .debug_info    0x00000000000022c8      0x433 Core/Src/system_stm32f1xx.o
 .debug_info    0x00000000000026fb       0x22 Core/Startup/startup_stm32f103c8tx.o
 .debug_info    0x000000000000271d      0x6fe Drivers/STM32F1xx_HAL_Driver/Src/stm32f1xx_hal.o
 .debug_info    0x0000000000002e1b      0xb46 Drivers/STM32F1xx_HAL_Driver/Src/stm32f1xx_hal_cortex.o
 .debug_info    0x0000000000003961      0x681 Drivers/STM32F1xx_HAL_Driver/Src/stm32f1xx_hal_gpio.o
 .debug_info    0x0000000000003fe2      0xe38 Drivers/STM32F1xx_HAL_Driver/Src/stm32f1xx_hal_pcd.o
 .debug_info    0x0000000000004e1a      0x760 Drivers/STM32F1xx_HAL_Driver/Src/stm32f1xx_hal_pcd_ex.o
 .debug_info    0x000000000000557a      0x804 Drivers/STM32F1xx_HAL_Driver/Src/stm32f1xx_hal_rcc.o
 .debug_info    0x0000000000005d7e      0x439 Drivers/STM32F1xx_HAL_Driver/Src/stm32f1xx_hal_rcc_ex.o
 .debug_info    0x00000000000061b7     0x2456 Drivers/STM32F1xx_HAL_Driver/Src/stm32f1xx_hal_tim.o
 .debug_info    0x000000000000860d     0x1104 Drivers/STM32F1xx_HAL_Driver/Src/stm32f1xx_hal_tim_ex.o
 .debug_info    0x0000000000009711     0x14f9 Drivers/STM32F1xx_HAL_Driver/Src/stm32f1xx_ll_usb.o
 .debug_info    0x000000000000ac0a     0x1278 Middlewares/ST/STM32_USB_Device_Library/Class/CustomHID/Src/usbd_customhid.o
 .debug_info    0x000000000000be82     0x11f4 Middlewares/ST/STM32_USB_Device_Library/Core/Src/usbd_core.o
 .debug_info    0x000000000000d076     0x1164 Middlewares/ST/STM32_USB_Device_Library/Core/Src/usbd_ctlreq.o
 .debug_info    0x000000000000e1da      0xf55 Middlewares/ST/STM32_USB_Device_Library/Core/Src/usbd_ioreq.o
 .debug_info    0x000000000000f12f      0xe73 USB_DEVICE/App/usb_device.o
 .debug_info    0x000000000000ffa2      0xee3 USB_DEVICE/App/usbd_custom_hid_if.o
 .debug_info    0x0000000000010e85      0xd39 USB_DEVICE/App/usbd_desc.o
 .debug_info    0x0000000000011bbe     0x1dc7 USB_DEVICE/Target/usbd_conf.o

.debug_abbrev   0x0000000000000000     0x2dc4
 .debug_abbrev  0x0000000000000000      0x233 Core/Src/main.o
 .debug_abbrev  0x0000000000000233      0x1c8 Core/Src/stm32f1xx_hal_msp.o
 .debug_abbrev  0x00000000000003fb      0x166 Core/Src/stm32f1xx_it.o
 .debug_abbrev  0x0000000000000561      0x134 Core/Src/system_stm32f1xx.o
 .debug_abbrev  0x0000000000000695       0x12 Core/Startup/startup_stm32f103c8tx.o
 .debug_abbrev  0x00000000000006a7      0x1d8 Drivers/STM32F1xx_HAL_Driver/Src/stm32f1xx_hal.o
 .debug_abbrev  0x000000000000087f      0x2d5 Drivers/STM32F1xx_HAL_Driver/Src/stm32f1xx_hal_cortex.o
 .debug_abbrev  0x0000000000000b54      0x1c0 Drivers/STM32F1xx_HAL_Driver/Src/stm32f1xx_hal_gpio.o
 .debug_abbrev  0x0000000000000d14      0x263 Drivers/STM32F1xx_HAL_Driver/Src/stm32f1xx_hal_pcd.o
 .debug_abbrev  0x0000000000000f77      0x188 Drivers/STM32F1xx_HAL_Driver/Src/stm32f1xx_hal_pcd_ex.o
 .debug_abbrev  0x00000000000010ff      0x243 Drivers/STM32F1xx_HAL_Driver/Src/stm32f1xx_hal_rcc.o
 .debug_abbrev  0x0000000000001342      0x175 Drivers/STM32F1xx_HAL_Driver/Src/stm32f1xx_hal_rcc_ex.o
 .debug_abbrev  0x00000000000014b7      0x230 Drivers/STM32F1xx_HAL_Driver/Src/stm32f1xx_hal_tim.o
 .debug_abbrev  0x00000000000016e7      0x21e Drivers/STM32F1xx_HAL_Driver/Src/stm32f1xx_hal_tim_ex.o
 .debug_abbrev  0x0000000000001905      0x1c5 Drivers/STM32F1xx_HAL_Driver/Src/stm32f1xx_ll_usb.o
 .debug_abbrev  0x0000000000001aca      0x297 Middlewares/ST/STM32_USB_Device_Library/Class/CustomHID/Src/usbd_customhid.o
 .debug_abbrev  0x0000000000001d61      0x281 Middlewares/ST/STM32_USB_Device_Library/Core/Src/usbd_core.o
 .debug_abbrev  0x0000000000001fe2      0x2b1 Middlewares/ST/STM32_USB_Device_Library/Core/Src/usbd_ctlreq.o
 .debug_abbrev  0x0000000000002293      0x1f1 Middlewares/ST/STM32_USB_Device_Library/Core/Src/usbd_ioreq.o
 .debug_abbrev  0x0000000000002484      0x1be USB_DEVICE/App/usb_device.o
 .debug_abbrev  0x0000000000002642      0x206 USB_DEVICE/App/usbd_custom_hid_if.o
 .debug_abbrev  0x0000000000002848      0x2a1 USB_DEVICE/App/usbd_desc.o
 .debug_abbrev  0x0000000000002ae9      0x2db USB_DEVICE/Target/usbd_conf.o

.debug_aranges  0x0000000000000000      0xf50
 .debug_aranges
                0x0000000000000000       0x40 Core/Src/main.o
 .debug_aranges
                0x0000000000000040       0x38 Core/Src/stm32f1xx_hal_msp.o
 .debug_aranges
                0x0000000000000078       0x68 Core/Src/stm32f1xx_it.o
 .debug_aranges
                0x00000000000000e0       0x28 Core/Src/system_stm32f1xx.o
 .debug_aranges
                0x0000000000000108       0x28 Core/Startup/startup_stm32f103c8tx.o
 .debug_aranges
                0x0000000000000130       0xe0 Drivers/STM32F1xx_HAL_Driver/Src/stm32f1xx_hal.o
 .debug_aranges
                0x0000000000000210      0x100 Drivers/STM32F1xx_HAL_Driver/Src/stm32f1xx_hal_cortex.o
 .debug_aranges
                0x0000000000000310       0x58 Drivers/STM32F1xx_HAL_Driver/Src/stm32f1xx_hal_gpio.o
 .debug_aranges
                0x0000000000000368      0x120 Drivers/STM32F1xx_HAL_Driver/Src/stm32f1xx_hal_pcd.o
 .debug_aranges
                0x0000000000000488       0x38 Drivers/STM32F1xx_HAL_Driver/Src/stm32f1xx_hal_pcd_ex.o
 .debug_aranges
                0x00000000000004c0       0x90 Drivers/STM32F1xx_HAL_Driver/Src/stm32f1xx_hal_rcc.o
 .debug_aranges
                0x0000000000000550       0x30 Drivers/STM32F1xx_HAL_Driver/Src/stm32f1xx_hal_rcc_ex.o
 .debug_aranges
                0x0000000000000580      0x3a8 Drivers/STM32F1xx_HAL_Driver/Src/stm32f1xx_hal_tim.o
 .debug_aranges
                0x0000000000000928      0x150 Drivers/STM32F1xx_HAL_Driver/Src/stm32f1xx_hal_tim_ex.o
 .debug_aranges
                0x0000000000000a78      0x108 Drivers/STM32F1xx_HAL_Driver/Src/stm32f1xx_ll_usb.o
 .debug_aranges
                0x0000000000000b80       0x78 Middlewares/ST/STM32_USB_Device_Library/Class/CustomHID/Src/usbd_customhid.o
 .debug_aranges
                0x0000000000000bf8       0xb8 Middlewares/ST/STM32_USB_Device_Library/Core/Src/usbd_core.o
 .debug_aranges
                0x0000000000000cb0       0x88 Middlewares/ST/STM32_USB_Device_Library/Core/Src/usbd_ctlreq.o
 .debug_aranges
                0x0000000000000d38       0x50 Middlewares/ST/STM32_USB_Device_Library/Core/Src/usbd_ioreq.o
 .debug_aranges
                0x0000000000000d88       0x20 USB_DEVICE/App/usb_device.o
 .debug_aranges
                0x0000000000000da8       0x30 USB_DEVICE/App/usbd_custom_hid_if.o
 .debug_aranges
                0x0000000000000dd8       0x60 USB_DEVICE/App/usbd_desc.o
 .debug_aranges
                0x0000000000000e38      0x118 USB_DEVICE/Target/usbd_conf.o

.debug_ranges   0x0000000000000000      0xde8
 .debug_ranges  0x0000000000000000       0x30 Core/Src/main.o
 .debug_ranges  0x0000000000000030       0x28 Core/Src/stm32f1xx_hal_msp.o
 .debug_ranges  0x0000000000000058       0x58 Core/Src/stm32f1xx_it.o
 .debug_ranges  0x00000000000000b0       0x18 Core/Src/system_stm32f1xx.o
 .debug_ranges  0x00000000000000c8       0x20 Core/Startup/startup_stm32f103c8tx.o
 .debug_ranges  0x00000000000000e8       0xd0 Drivers/STM32F1xx_HAL_Driver/Src/stm32f1xx_hal.o
 .debug_ranges  0x00000000000001b8       0xf0 Drivers/STM32F1xx_HAL_Driver/Src/stm32f1xx_hal_cortex.o
 .debug_ranges  0x00000000000002a8       0x48 Drivers/STM32F1xx_HAL_Driver/Src/stm32f1xx_hal_gpio.o
 .debug_ranges  0x00000000000002f0      0x110 Drivers/STM32F1xx_HAL_Driver/Src/stm32f1xx_hal_pcd.o
 .debug_ranges  0x0000000000000400       0x28 Drivers/STM32F1xx_HAL_Driver/Src/stm32f1xx_hal_pcd_ex.o
 .debug_ranges  0x0000000000000428       0x80 Drivers/STM32F1xx_HAL_Driver/Src/stm32f1xx_hal_rcc.o
 .debug_ranges  0x00000000000004a8       0x20 Drivers/STM32F1xx_HAL_Driver/Src/stm32f1xx_hal_rcc_ex.o
 .debug_ranges  0x00000000000004c8      0x398 Drivers/STM32F1xx_HAL_Driver/Src/stm32f1xx_hal_tim.o
 .debug_ranges  0x0000000000000860      0x140 Drivers/STM32F1xx_HAL_Driver/Src/stm32f1xx_hal_tim_ex.o
 .debug_ranges  0x00000000000009a0       0xf8 Drivers/STM32F1xx_HAL_Driver/Src/stm32f1xx_ll_usb.o
 .debug_ranges  0x0000000000000a98       0x68 Middlewares/ST/STM32_USB_Device_Library/Class/CustomHID/Src/usbd_customhid.o
 .debug_ranges  0x0000000000000b00       0xa8 Middlewares/ST/STM32_USB_Device_Library/Core/Src/usbd_core.o
 .debug_ranges  0x0000000000000ba8       0x78 Middlewares/ST/STM32_USB_Device_Library/Core/Src/usbd_ctlreq.o
 .debug_ranges  0x0000000000000c20       0x40 Middlewares/ST/STM32_USB_Device_Library/Core/Src/usbd_ioreq.o
 .debug_ranges  0x0000000000000c60       0x10 USB_DEVICE/App/usb_device.o
 .debug_ranges  0x0000000000000c70       0x20 USB_DEVICE/App/usbd_custom_hid_if.o
 .debug_ranges  0x0000000000000c90       0x50 USB_DEVICE/App/usbd_desc.o
 .debug_ranges  0x0000000000000ce0      0x108 USB_DEVICE/Target/usbd_conf.o

.debug_macro    0x0000000000000000    0x16de6
 .debug_macro   0x0000000000000000      0x3a5 Core/Src/main.o
 .debug_macro   0x00000000000003a5      0xa5a Core/Src/main.o
 .debug_macro   0x0000000000000dff      0x21b Core/Src/main.o
 .debug_macro   0x000000000000101a       0x2e Core/Src/main.o
 .debug_macro   0x0000000000001048       0x22 Core/Src/main.o
 .debug_macro   0x000000000000106a       0x22 Core/Src/main.o
 .debug_macro   0x000000000000108c       0x8e Core/Src/main.o
 .debug_macro   0x000000000000111a       0x51 Core/Src/main.o
 .debug_macro   0x000000000000116b       0xef Core/Src/main.o
 .debug_macro   0x000000000000125a       0x6a Core/Src/main.o
 .debug_macro   0x00000000000012c4      0x1df Core/Src/main.o
 .debug_macro   0x00000000000014a3       0x1c Core/Src/main.o
 .debug_macro   0x00000000000014bf       0x22 Core/Src/main.o
 .debug_macro   0x00000000000014e1       0xc3 Core/Src/main.o
 .debug_macro   0x00000000000015a4      0xd23 Core/Src/main.o
 .debug_macro   0x00000000000022c7     0xe09e Core/Src/main.o
 .debug_macro   0x0000000000010365       0x43 Core/Src/main.o
 .debug_macro   0x00000000000103a8      0x174 Core/Src/main.o
 .debug_macro   0x000000000001051c       0x5a Core/Src/main.o
 .debug_macro   0x0000000000010576      0x5be Core/Src/main.o
 .debug_macro   0x0000000000010b34      0x289 Core/Src/main.o
 .debug_macro   0x0000000000010dbd      0x1cb Core/Src/main.o
 .debug_macro   0x0000000000010f88      0x114 Core/Src/main.o
 .debug_macro   0x000000000001109c      0x1b2 Core/Src/main.o
 .debug_macro   0x000000000001124e       0x27 Core/Src/main.o
 .debug_macro   0x0000000000011275      0x136 Core/Src/main.o
 .debug_macro   0x00000000000113ab      0x1bc Core/Src/main.o
 .debug_macro   0x0000000000011567       0x34 Core/Src/main.o
 .debug_macro   0x000000000001159b       0x3c Core/Src/main.o
 .debug_macro   0x00000000000115d7       0x57 Core/Src/main.o
 .debug_macro   0x000000000001162e       0x88 Core/Src/main.o
 .debug_macro   0x00000000000116b6      0x241 Core/Src/main.o
 .debug_macro   0x00000000000118f7      0x141 Core/Src/main.o
 .debug_macro   0x0000000000011a38      0x88b Core/Src/main.o
 .debug_macro   0x00000000000122c3       0x65 Core/Src/main.o
 .debug_macro   0x0000000000012328      0x249 Core/Src/main.o
 .debug_macro   0x0000000000012571       0x83 Core/Src/main.o
 .debug_macro   0x00000000000125f4       0x10 Core/Src/main.o
 .debug_macro   0x0000000000012604       0x46 Core/Src/main.o
 .debug_macro   0x000000000001264a       0x18 Core/Src/main.o
 .debug_macro   0x0000000000012662       0x3c Core/Src/main.o
 .debug_macro   0x000000000001269e       0x34 Core/Src/main.o
 .debug_macro   0x00000000000126d2       0x16 Core/Src/main.o
 .debug_macro   0x00000000000126e8       0x35 Core/Src/main.o
 .debug_macro   0x000000000001271d      0x32a Core/Src/main.o
 .debug_macro   0x0000000000012a47       0x10 Core/Src/main.o
 .debug_macro   0x0000000000012a57       0x52 Core/Src/main.o
 .debug_macro   0x0000000000012aa9       0x1f Core/Src/main.o
 .debug_macro   0x0000000000012ac8       0x43 Core/Src/main.o
 .debug_macro   0x0000000000012b0b       0x20 Core/Src/main.o
 .debug_macro   0x0000000000012b2b      0x1a3 Core/Src/main.o
 .debug_macro   0x0000000000012cce       0x10 Core/Src/main.o
 .debug_macro   0x0000000000012cde       0x1c Core/Src/main.o
 .debug_macro   0x0000000000012cfa       0x52 Core/Src/main.o
 .debug_macro   0x0000000000012d4c       0x40 Core/Src/main.o
 .debug_macro   0x0000000000012d8c       0x10 Core/Src/main.o
 .debug_macro   0x0000000000012d9c       0x40 Core/Src/main.o
 .debug_macro   0x0000000000012ddc       0xd7 Core/Src/main.o
 .debug_macro   0x0000000000012eb3       0x1c Core/Src/main.o
 .debug_macro   0x0000000000012ecf       0x3d Core/Src/main.o
 .debug_macro   0x0000000000012f0c       0x16 Core/Src/main.o
 .debug_macro   0x0000000000012f22      0x145 Core/Src/main.o
 .debug_macro   0x0000000000013067       0x16 Core/Src/main.o
 .debug_macro   0x000000000001307d       0x16 Core/Src/main.o
 .debug_macro   0x0000000000013093       0x29 Core/Src/main.o
 .debug_macro   0x00000000000130bc       0x16 Core/Src/main.o
 .debug_macro   0x00000000000130d2       0x20 Core/Src/main.o
 .debug_macro   0x00000000000130f2       0x6c Core/Src/main.o
 .debug_macro   0x000000000001315e      0x1c8 Core/Src/main.o
 .debug_macro   0x0000000000013326      0x1c3 Core/Src/stm32f1xx_hal_msp.o
 .debug_macro   0x00000000000134e9      0x1cd Core/Src/stm32f1xx_it.o
 .debug_macro   0x00000000000136b6      0x1ba Core/Src/system_stm32f1xx.o
 .debug_macro   0x0000000000013870      0x1d8 Drivers/STM32F1xx_HAL_Driver/Src/stm32f1xx_hal.o
 .debug_macro   0x0000000000013a48      0x1b4 Drivers/STM32F1xx_HAL_Driver/Src/stm32f1xx_hal_cortex.o
 .debug_macro   0x0000000000013bfc      0x21f Drivers/STM32F1xx_HAL_Driver/Src/stm32f1xx_hal_gpio.o
 .debug_macro   0x0000000000013e1b      0x1c0 Drivers/STM32F1xx_HAL_Driver/Src/stm32f1xx_hal_pcd.o
 .debug_macro   0x0000000000013fdb      0x1b4 Drivers/STM32F1xx_HAL_Driver/Src/stm32f1xx_hal_pcd_ex.o
 .debug_macro   0x000000000001418f      0x1c6 Drivers/STM32F1xx_HAL_Driver/Src/stm32f1xx_hal_rcc.o
 .debug_macro   0x0000000000014355      0x1b4 Drivers/STM32F1xx_HAL_Driver/Src/stm32f1xx_hal_rcc_ex.o
 .debug_macro   0x0000000000014509      0x1b5 Drivers/STM32F1xx_HAL_Driver/Src/stm32f1xx_hal_tim.o
 .debug_macro   0x00000000000146be      0x1b4 Drivers/STM32F1xx_HAL_Driver/Src/stm32f1xx_hal_tim_ex.o
 .debug_macro   0x0000000000014872      0x1b4 Drivers/STM32F1xx_HAL_Driver/Src/stm32f1xx_ll_usb.o
 .debug_macro   0x0000000000014a26      0x3d0 Middlewares/ST/STM32_USB_Device_Library/Class/CustomHID/Src/usbd_customhid.o
 .debug_macro   0x0000000000014df6       0x97 Middlewares/ST/STM32_USB_Device_Library/Class/CustomHID/Src/usbd_customhid.o
 .debug_macro   0x0000000000014e8d       0xfd Middlewares/ST/STM32_USB_Device_Library/Class/CustomHID/Src/usbd_customhid.o
 .debug_macro   0x0000000000014f8a       0xbd Middlewares/ST/STM32_USB_Device_Library/Class/CustomHID/Src/usbd_customhid.o
 .debug_macro   0x0000000000015047       0x54 Middlewares/ST/STM32_USB_Device_Library/Class/CustomHID/Src/usbd_customhid.o
 .debug_macro   0x000000000001509b       0x65 Middlewares/ST/STM32_USB_Device_Library/Class/CustomHID/Src/usbd_customhid.o
 .debug_macro   0x0000000000015100      0x3b7 Middlewares/ST/STM32_USB_Device_Library/Core/Src/usbd_core.o
 .debug_macro   0x00000000000154b7      0x1ce Middlewares/ST/STM32_USB_Device_Library/Core/Src/usbd_core.o
 .debug_macro   0x0000000000015685      0x3c1 Middlewares/ST/STM32_USB_Device_Library/Core/Src/usbd_ctlreq.o
 .debug_macro   0x0000000000015a46      0x3bd Middlewares/ST/STM32_USB_Device_Library/Core/Src/usbd_ioreq.o
 .debug_macro   0x0000000000015e03      0x3f1 USB_DEVICE/App/usb_device.o
 .debug_macro   0x00000000000161f4       0x16 USB_DEVICE/App/usb_device.o
 .debug_macro   0x000000000001620a       0x22 USB_DEVICE/App/usb_device.o
 .debug_macro   0x000000000001622c      0x3d6 USB_DEVICE/App/usbd_custom_hid_if.o
 .debug_macro   0x0000000000016602      0x3f4 USB_DEVICE/App/usbd_desc.o
 .debug_macro   0x00000000000169f6       0x1c USB_DEVICE/App/usbd_desc.o
 .debug_macro   0x0000000000016a12      0x3d4 USB_DEVICE/Target/usbd_conf.o

.debug_line     0x0000000000000000     0xe18d
 .debug_line    0x0000000000000000      0x9cf Core/Src/main.o
 .debug_line    0x00000000000009cf      0x6cc Core/Src/stm32f1xx_hal_msp.o
 .debug_line    0x000000000000109b      0x743 Core/Src/stm32f1xx_it.o
 .debug_line    0x00000000000017de      0x6be Core/Src/system_stm32f1xx.o
 .debug_line    0x0000000000001e9c       0x84 Core/Startup/startup_stm32f103c8tx.o
 .debug_line    0x0000000000001f20      0x866 Drivers/STM32F1xx_HAL_Driver/Src/stm32f1xx_hal.o
 .debug_line    0x0000000000002786      0x93f Drivers/STM32F1xx_HAL_Driver/Src/stm32f1xx_hal_cortex.o
 .debug_line    0x00000000000030c5      0x866 Drivers/STM32F1xx_HAL_Driver/Src/stm32f1xx_hal_gpio.o
 .debug_line    0x000000000000392b      0xb59 Drivers/STM32F1xx_HAL_Driver/Src/stm32f1xx_hal_pcd.o
 .debug_line    0x0000000000004484      0x6d9 Drivers/STM32F1xx_HAL_Driver/Src/stm32f1xx_hal_pcd_ex.o
 .debug_line    0x0000000000004b5d      0x928 Drivers/STM32F1xx_HAL_Driver/Src/stm32f1xx_hal_rcc.o
 .debug_line    0x0000000000005485      0x746 Drivers/STM32F1xx_HAL_Driver/Src/stm32f1xx_hal_rcc_ex.o
 .debug_line    0x0000000000005bcb     0x172c Drivers/STM32F1xx_HAL_Driver/Src/stm32f1xx_hal_tim.o
 .debug_line    0x00000000000072f7      0xc79 Drivers/STM32F1xx_HAL_Driver/Src/stm32f1xx_hal_tim_ex.o
 .debug_line    0x0000000000007f70      0xb72 Drivers/STM32F1xx_HAL_Driver/Src/stm32f1xx_ll_usb.o
 .debug_line    0x0000000000008ae2      0xb04 Middlewares/ST/STM32_USB_Device_Library/Class/CustomHID/Src/usbd_customhid.o
 .debug_line    0x00000000000095e6      0xb89 Middlewares/ST/STM32_USB_Device_Library/Core/Src/usbd_core.o
 .debug_line    0x000000000000a16f      0xc12 Middlewares/ST/STM32_USB_Device_Library/Core/Src/usbd_ctlreq.o
 .debug_line    0x000000000000ad81      0x9f2 Middlewares/ST/STM32_USB_Device_Library/Core/Src/usbd_ioreq.o
 .debug_line    0x000000000000b773      0x9e7 USB_DEVICE/App/usb_device.o
 .debug_line    0x000000000000c15a      0x9f3 USB_DEVICE/App/usbd_custom_hid_if.o
 .debug_line    0x000000000000cb4d      0xa26 USB_DEVICE/App/usbd_desc.o
 .debug_line    0x000000000000d573      0xc1a USB_DEVICE/Target/usbd_conf.o

.debug_str      0x0000000000000000    0x747aa
 .debug_str     0x0000000000000000    0x70764 Core/Src/main.o
                                      0x70b26 (size before relaxing)
 .debug_str     0x0000000000070764       0xe2 Core/Src/stm32f1xx_hal_msp.o
                                      0x6bc8a (size before relaxing)
 .debug_str     0x0000000000070846      0x395 Core/Src/stm32f1xx_it.o
                                      0x6bbbc (size before relaxing)
 .debug_str     0x0000000000070bdb       0xc2 Core/Src/system_stm32f1xx.o
                                      0x6b842 (size before relaxing)
 .debug_str     0x0000000000070c9d       0x36 Core/Startup/startup_stm32f103c8tx.o
                                         0x6f (size before relaxing)
 .debug_str     0x0000000000070cd3      0x61f Drivers/STM32F1xx_HAL_Driver/Src/stm32f1xx_hal.o
                                      0x6be53 (size before relaxing)
 .debug_str     0x00000000000712f2      0x2a0 Drivers/STM32F1xx_HAL_Driver/Src/stm32f1xx_hal_cortex.o
                                      0x6be61 (size before relaxing)
 .debug_str     0x0000000000071592      0x324 Drivers/STM32F1xx_HAL_Driver/Src/stm32f1xx_hal_gpio.o
                                      0x6bb8c (size before relaxing)
 .debug_str     0x00000000000718b6      0x3af Drivers/STM32F1xx_HAL_Driver/Src/stm32f1xx_hal_pcd.o
                                      0x6be73 (size before relaxing)
 .debug_str     0x0000000000071c65      0x18d Drivers/STM32F1xx_HAL_Driver/Src/stm32f1xx_hal_pcd_ex.o
                                      0x6bc4f (size before relaxing)
 .debug_str     0x0000000000071df2      0x263 Drivers/STM32F1xx_HAL_Driver/Src/stm32f1xx_hal_rcc.o
                                      0x6bbc5 (size before relaxing)
 .debug_str     0x0000000000072055       0xb9 Drivers/STM32F1xx_HAL_Driver/Src/stm32f1xx_hal_rcc_ex.o
                                      0x6b952 (size before relaxing)
 .debug_str     0x000000000007210e      0xd14 Drivers/STM32F1xx_HAL_Driver/Src/stm32f1xx_hal_tim.o
                                      0x6c990 (size before relaxing)
 .debug_str     0x0000000000072e22      0x52f Drivers/STM32F1xx_HAL_Driver/Src/stm32f1xx_hal_tim_ex.o
                                      0x6c190 (size before relaxing)
 .debug_str     0x0000000000073351      0x2fe Drivers/STM32F1xx_HAL_Driver/Src/stm32f1xx_ll_usb.o
                                      0x6bcb9 (size before relaxing)
 .debug_str     0x000000000007364f      0x87b Middlewares/ST/STM32_USB_Device_Library/Class/CustomHID/Src/usbd_customhid.o
                                      0x70cc0 (size before relaxing)
 .debug_str     0x0000000000073eca      0x1b5 Middlewares/ST/STM32_USB_Device_Library/Core/Src/usbd_core.o
                                      0x70973 (size before relaxing)
 .debug_str     0x000000000007407f      0x12f Middlewares/ST/STM32_USB_Device_Library/Core/Src/usbd_ctlreq.o
                                      0x708f9 (size before relaxing)
 .debug_str     0x00000000000741ae       0xc9 Middlewares/ST/STM32_USB_Device_Library/Core/Src/usbd_ioreq.o
                                      0x70881 (size before relaxing)
 .debug_str     0x0000000000074277       0xf3 USB_DEVICE/App/usb_device.o
                                      0x70ac7 (size before relaxing)
 .debug_str     0x000000000007436a       0x7f USB_DEVICE/App/usbd_custom_hid_if.o
                                      0x70a89 (size before relaxing)
 .debug_str     0x00000000000743e9      0x26d USB_DEVICE/App/usbd_desc.o
                                      0x70801 (size before relaxing)
 .debug_str     0x0000000000074656      0x154 USB_DEVICE/Target/usbd_conf.o
                                      0x7137a (size before relaxing)

.comment        0x0000000000000000       0x7b
 .comment       0x0000000000000000       0x7b Core/Src/main.o
                                         0x7c (size before relaxing)
 .comment       0x000000000000007b       0x7c Core/Src/stm32f1xx_hal_msp.o
 .comment       0x000000000000007b       0x7c Core/Src/stm32f1xx_it.o
 .comment       0x000000000000007b       0x7c Core/Src/system_stm32f1xx.o
 .comment       0x000000000000007b       0x7c Drivers/STM32F1xx_HAL_Driver/Src/stm32f1xx_hal.o
 .comment       0x000000000000007b       0x7c Drivers/STM32F1xx_HAL_Driver/Src/stm32f1xx_hal_cortex.o
 .comment       0x000000000000007b       0x7c Drivers/STM32F1xx_HAL_Driver/Src/stm32f1xx_hal_gpio.o
 .comment       0x000000000000007b       0x7c Drivers/STM32F1xx_HAL_Driver/Src/stm32f1xx_hal_pcd.o
 .comment       0x000000000000007b       0x7c Drivers/STM32F1xx_HAL_Driver/Src/stm32f1xx_hal_pcd_ex.o
 .comment       0x000000000000007b       0x7c Drivers/STM32F1xx_HAL_Driver/Src/stm32f1xx_hal_rcc.o
 .comment       0x000000000000007b       0x7c Drivers/STM32F1xx_HAL_Driver/Src/stm32f1xx_hal_rcc_ex.o
 .comment       0x000000000000007b       0x7c Drivers/STM32F1xx_HAL_Driver/Src/stm32f1xx_hal_tim.o
 .comment       0x000000000000007b       0x7c Drivers/STM32F1xx_HAL_Driver/Src/stm32f1xx_hal_tim_ex.o
 .comment       0x000000000000007b       0x7c Drivers/STM32F1xx_HAL_Driver/Src/stm32f1xx_ll_usb.o
 .comment       0x000000000000007b       0x7c Middlewares/ST/STM32_USB_Device_Library/Class/CustomHID/Src/usbd_customhid.o
 .comment       0x000000000000007b       0x7c Middlewares/ST/STM32_USB_Device_Library/Core/Src/usbd_core.o
 .comment       0x000000000000007b       0x7c Middlewares/ST/STM32_USB_Device_Library/Core/Src/usbd_ctlreq.o
 .comment       0x000000000000007b       0x7c Middlewares/ST/STM32_USB_Device_Library/Core/Src/usbd_ioreq.o
 .comment       0x000000000000007b       0x7c USB_DEVICE/App/usb_device.o
 .comment       0x000000000000007b       0x7c USB_DEVICE/App/usbd_custom_hid_if.o
 .comment       0x000000000000007b       0x7c USB_DEVICE/App/usbd_desc.o
 .comment       0x000000000000007b       0x7c USB_DEVICE/Target/usbd_conf.o

.debug_frame    0x0000000000000000     0x3e50
 .debug_frame   0x0000000000000000       0xb8 Core/Src/main.o
 .debug_frame   0x00000000000000b8       0xac Core/Src/stm32f1xx_hal_msp.o
 .debug_frame   0x0000000000000164      0x128 Core/Src/stm32f1xx_it.o
 .debug_frame   0x000000000000028c       0x58 Core/Src/system_stm32f1xx.o
 .debug_frame   0x00000000000002e4      0x334 Drivers/STM32F1xx_HAL_Driver/Src/stm32f1xx_hal.o
 .debug_frame   0x0000000000000618      0x428 Drivers/STM32F1xx_HAL_Driver/Src/stm32f1xx_hal_cortex.o
 .debug_frame   0x0000000000000a40      0x14c Drivers/STM32F1xx_HAL_Driver/Src/stm32f1xx_hal_gpio.o
 .debug_frame   0x0000000000000b8c      0x500 Drivers/STM32F1xx_HAL_Driver/Src/stm32f1xx_hal_pcd.o
 .debug_frame   0x000000000000108c       0xb0 Drivers/STM32F1xx_HAL_Driver/Src/stm32f1xx_hal_pcd_ex.o
 .debug_frame   0x000000000000113c      0x21c Drivers/STM32F1xx_HAL_Driver/Src/stm32f1xx_hal_rcc.o
 .debug_frame   0x0000000000001358       0x84 Drivers/STM32F1xx_HAL_Driver/Src/stm32f1xx_hal_rcc_ex.o
 .debug_frame   0x00000000000013dc     0x10e8 Drivers/STM32F1xx_HAL_Driver/Src/stm32f1xx_hal_tim.o
 .debug_frame   0x00000000000024c4      0x5c0 Drivers/STM32F1xx_HAL_Driver/Src/stm32f1xx_hal_tim_ex.o
 .debug_frame   0x0000000000002a84      0x4d8 Drivers/STM32F1xx_HAL_Driver/Src/stm32f1xx_ll_usb.o
 .debug_frame   0x0000000000002f5c      0x1d8 Middlewares/ST/STM32_USB_Device_Library/Class/CustomHID/Src/usbd_customhid.o
 .debug_frame   0x0000000000003134      0x300 Middlewares/ST/STM32_USB_Device_Library/Core/Src/usbd_core.o
 .debug_frame   0x0000000000003434      0x218 Middlewares/ST/STM32_USB_Device_Library/Core/Src/usbd_ctlreq.o
 .debug_frame   0x000000000000364c      0x10c Middlewares/ST/STM32_USB_Device_Library/Core/Src/usbd_ioreq.o
 .debug_frame   0x0000000000003758       0x2c USB_DEVICE/App/usb_device.o
 .debug_frame   0x0000000000003784       0x7c USB_DEVICE/App/usbd_custom_hid_if.o
 .debug_frame   0x0000000000003800      0x160 USB_DEVICE/App/usbd_desc.o
 .debug_frame   0x0000000000003960      0x4a4 USB_DEVICE/Target/usbd_conf.o
 .debug_frame   0x0000000000003e04       0x2c e:/fastprograms/stm32cubeide_1.3.0/stm32cubeide/plugins/com.st.stm32cube.ide.mcu.externaltools.gnu-tools-for-stm32.7-2018-q2-update.win32_1.0.0.201904181610/tools/bin/../lib/gcc/arm-none-eabi/7.3.1/../../../../arm-none-eabi/lib/thumb/v7-m\libc_nano.a(lib_a-init.o)
 .debug_frame   0x0000000000003e30       0x20 e:/fastprograms/stm32cubeide_1.3.0/stm32cubeide/plugins/com.st.stm32cube.ide.mcu.externaltools.gnu-tools-for-stm32.7-2018-q2-update.win32_1.0.0.201904181610/tools/bin/../lib/gcc/arm-none-eabi/7.3.1/../../../../arm-none-eabi/lib/thumb/v7-m\libc_nano.a(lib_a-memset.o)
